Component: ARM Compiler 5.06 update 6 (build 750) Tool: armlink [4d35ed]

==============================================================================

Section Cross References

    stm32f10x_it.o(.text) refers to usart.o(.text) for UsartPrintf
    system_stm32f10x.o(.text) refers to system_stm32f10x.o(.data) for SystemCoreClock
    startup_stm32f10x_md.o(STACK) refers (Special) to heapauxi.o(.text) for __use_two_region_memory
    startup_stm32f10x_md.o(HEAP) refers (Special) to heapauxi.o(.text) for __use_two_region_memory
    startup_stm32f10x_md.o(RESET) refers (Special) to heapauxi.o(.text) for __use_two_region_memory
    startup_stm32f10x_md.o(RESET) refers to startup_stm32f10x_md.o(STACK) for __initial_sp
    startup_stm32f10x_md.o(RESET) refers to startup_stm32f10x_md.o(.text) for Reset_Handler
    startup_stm32f10x_md.o(RESET) refers to stm32f10x_it.o(.text) for NMI_Handler
    startup_stm32f10x_md.o(RESET) refers to time.o(.text) for TIM3_IRQHandler
    startup_stm32f10x_md.o(RESET) refers to usart.o(.text) for USART1_IRQHandler
    startup_stm32f10x_md.o(RESET) refers to esp8266.o(.text) for USART2_IRQHandler
    startup_stm32f10x_md.o(RESET) refers to im1281b.o(.text) for USART3_IRQHandler
    startup_stm32f10x_md.o(.text) refers (Special) to heapauxi.o(.text) for __use_two_region_memory
    startup_stm32f10x_md.o(.text) refers to system_stm32f10x.o(.text) for SystemInit
    startup_stm32f10x_md.o(.text) refers to __main.o(!!!main) for __main
    startup_stm32f10x_md.o(.text) refers to startup_stm32f10x_md.o(HEAP) for Heap_Mem
    startup_stm32f10x_md.o(.text) refers to startup_stm32f10x_md.o(STACK) for Stack_Mem
    stm32f10x_gpio.o(.text) refers to stm32f10x_rcc.o(.text) for RCC_APB2PeriphResetCmd
    stm32f10x_rcc.o(.text) refers to stm32f10x_rcc.o(.data) for APBAHBPrescTable
    stm32f10x_usart.o(.text) refers to stm32f10x_rcc.o(.text) for RCC_APB2PeriphResetCmd
    stm32f10x_tim.o(.text) refers to stm32f10x_rcc.o(.text) for RCC_APB2PeriphResetCmd
    delay.o(.text) refers to delay.o(.data) for UsCount
    usart.o(.text) refers to stm32f10x_rcc.o(.text) for RCC_APB2PeriphClockCmd
    usart.o(.text) refers to stm32f10x_gpio.o(.text) for GPIO_Init
    usart.o(.text) refers to stm32f10x_usart.o(.text) for USART_Init
    usart.o(.text) refers to misc.o(.text) for NVIC_Init
    usart.o(.text) refers to vsnprintf.o(.text) for vsnprintf
    led.o(.text) refers to stm32f10x_rcc.o(.text) for RCC_APB2PeriphClockCmd
    led.o(.text) refers to stm32f10x_gpio.o(.text) for GPIO_Init
    led.o(.text) refers to delay.o(.text) for DelayXms
    oled.o(.text) refers to stm32f10x_gpio.o(.text) for GPIO_WriteBit
    oled.o(.text) refers to stm32f10x_rcc.o(.text) for RCC_APB2PeriphClockCmd
    oled.o(.text) refers to dflt_clz.o(x$fpl$dflt) for __aeabi_i2d
    oled.o(.text) refers to atan2.o(i.atan2) for atan2
    oled.o(.text) refers to ddiv.o(x$fpl$ddiv) for __aeabi_ddiv
    oled.o(.text) refers to dmul.o(x$fpl$dmul) for __aeabi_dmul
    oled.o(.text) refers to dfix.o(x$fpl$dfix) for __aeabi_d2iz
    oled.o(.text) refers to oled.o(.bss) for OLED_DisplayBuf
    oled.o(.text) refers to dfixu.o(x$fpl$dfixu) for __aeabi_d2uiz
    oled.o(.text) refers to oled_data.o(.constdata) for OLED_F8x16
    oled.o(.text) refers to dflt_clz.o(x$fpl$dfltu) for __aeabi_ui2d
    oled.o(.text) refers to daddsub_clz.o(x$fpl$drsb) for __aeabi_drsub
    oled.o(.text) refers to strcmpv7m.o(.text) for strcmp
    oled.o(.text) refers to vsprintf.o(.text) for vsprintf
    oled.o(.text) refers to daddsub_clz.o(x$fpl$dadd) for __aeabi_dadd
    oled.o(.text) refers to d2f.o(x$fpl$d2f) for __aeabi_d2f
    oled.o(.text) refers to fleqf.o(x$fpl$fleqf) for __aeabi_cfcmple
    oled.o(.text) refers to fflt_clz.o(x$fpl$fflt) for __aeabi_i2f
    oled.o(.text) refers to faddsub_clz.o(x$fpl$fadd) for __aeabi_fadd
    oled.o(.text) refers to daddsub_clz.o(x$fpl$dsub) for __aeabi_dsub
    oled.o(.text) refers to dleqf.o(x$fpl$dleqf) for __aeabi_cdcmple
    time.o(.text) refers to stm32f10x_rcc.o(.text) for RCC_APB1PeriphClockCmd
    time.o(.text) refers to stm32f10x_tim.o(.text) for TIM_TimeBaseInit
    time.o(.text) refers to misc.o(.text) for NVIC_Init
    time.o(.text) refers to onenet.o(.text) for OneNet_SendData
    time.o(.text) refers to usart.o(.text) for Usart_SendString
    time.o(.text) refers to delay.o(.text) for DelayXms
    time.o(.text) refers to im1281b.o(.text) for IM1281B_Data_Change
    time.o(.text) refers to dflt_clz.o(x$fpl$dfltu) for __aeabi_ui2d
    time.o(.text) refers to ddiv.o(x$fpl$ddiv) for __aeabi_ddiv
    time.o(.text) refers to d2f.o(x$fpl$d2f) for __aeabi_d2f
    time.o(.text) refers to rt_memclr_w.o(.text) for __aeabi_memclr4
    time.o(.text) refers to main.o(.data) for cur_mode
    time.o(.text) refers to time.o(.data) for time_min
    time.o(.text) refers to im1281b.o(.bss) for IM1281B_buf
    key.o(.text) refers to stm32f10x_rcc.o(.text) for RCC_APB2PeriphClockCmd
[...]
    TIM_BDTRStructInit                       0x080019ad   Thumb Code    40  stm32f10x_tim.o(.text)
    TIM_Cmd                                  0x080019d5   Thumb Code    24  stm32f10x_tim.o(.text)
    TIM_CtrlPWMOutputs                       0x080019ed   Thumb Code    30  stm32f10x_tim.o(.text)
    TIM_ITConfig                             0x08001a0b   Thumb Code    18  stm32f10x_tim.o(.text)
    TIM_GenerateEvent                        0x08001a1d   Thumb Code     4  stm32f10x_tim.o(.text)
    TIM_DMAConfig                            0x08001a21   Thumb Code    10  stm32f10x_tim.o(.text)
    TIM_DMACmd                               0x08001a2b   Thumb Code    18  stm32f10x_tim.o(.text)
    TIM_InternalClockConfig                  0x08001a3d   Thumb Code    12  stm32f10x_tim.o(.text)
    TIM_SelectInputTrigger                   0x08001a49   Thumb Code    18  stm32f10x_tim.o(.text)
    TIM_ITRxExternalClockConfig              0x08001a5b   Thumb Code    24  stm32f10x_tim.o(.text)
    TIM_TIxExternalClockConfig               0x08001a73   Thumb Code    62  stm32f10x_tim.o(.text)
    TIM_ETRConfig                            0x08001ab1   Thumb Code    28  stm32f10x_tim.o(.text)
    TIM_ETRClockMode1Config                  0x08001acd   Thumb Code    54  stm32f10x_tim.o(.text)
    TIM_ETRClockMode2Config                  0x08001b03   Thumb Code    32  stm32f10x_tim.o(.text)
    TIM_PrescalerConfig                      0x08001b23   Thumb Code     6  stm32f10x_tim.o(.text)
    TIM_CounterModeConfig                    0x08001b29   Thumb Code    18  stm32f10x_tim.o(.text)
    TIM_EncoderInterfaceConfig               0x08001b3b   Thumb Code    66  stm32f10x_tim.o(.text)
    TIM_ForcedOC1Config                      0x08001b7d   Thumb Code    18  stm32f10x_tim.o(.text)
    TIM_ForcedOC2Config                      0x08001b8f   Thumb Code    26  stm32f10x_tim.o(.text)
    TIM_ForcedOC3Config                      0x08001ba9   Thumb Code    18  stm32f10x_tim.o(.text)
    TIM_ForcedOC4Config                      0x08001bbb   Thumb Code    26  stm32f10x_tim.o(.text)
    TIM_ARRPreloadConfig                     0x08001bd5   Thumb Code    24  stm32f10x_tim.o(.text)
    TIM_SelectCOM                            0x08001bed   Thumb Code    24  stm32f10x_tim.o(.text)
    TIM_SelectCCDMA                          0x08001c05   Thumb Code    24  stm32f10x_tim.o(.text)
    TIM_CCPreloadControl                     0x08001c1d   Thumb Code    24  stm32f10x_tim.o(.text)
    TIM_OC1PreloadConfig                     0x08001c35   Thumb Code    18  stm32f10x_tim.o(.text)
    TIM_OC2PreloadConfig                     0x08001c47   Thumb Code    26  stm32f10x_tim.o(.text)
    TIM_OC3PreloadConfig                     0x08001c61   Thumb Code    18  stm32f10x_tim.o(.text)
    TIM_OC4PreloadConfig                     0x08001c73   Thumb Code    26  stm32f10x_tim.o(.text)
    TIM_OC1FastConfig                        0x08001c8d   Thumb Code    18  stm32f10x_tim.o(.text)
    TIM_OC2FastConfig                        0x08001c9f   Thumb Code    26  stm32f10x_tim.o(.text)
    TIM_OC3FastConfig                        0x08001cb9   Thumb Code    18  stm32f10x_tim.o(.text)
    TIM_OC4FastConfig                        0x08001ccb   Thumb Code    26  stm32f10x_tim.o(.text)
    TIM_ClearOC1Ref                          0x08001ce5   Thumb Code    18  stm32f10x_tim.o(.text)
    TIM_ClearOC2Ref                          0x08001cf7   Thumb Code    24  stm32f10x_tim.o(.text)
    TIM_ClearOC3Ref                          0x08001d0f   Thumb Code    18  stm32f10x_tim.o(.text)
    TIM_ClearOC4Ref                          0x08001d21   Thumb Code    24  stm32f10x_tim.o(.text)
    TIM_OC1PolarityConfig                    0x08001d39   Thumb Code    18  stm32f10x_tim.o(.text)
    TIM_OC1NPolarityConfig                   0x08001d4b   Thumb Code    18  stm32f10x_tim.o(.text)
    TIM_OC2PolarityConfig                    0x08001d5d   Thumb Code    26  stm32f10x_tim.o(.text)
    TIM_OC2NPolarityConfig                   0x08001d77   Thumb Code    26  stm32f10x_tim.o(.text)
    TIM_OC3PolarityConfig                    0x08001d91   Thumb Code    26  stm32f10x_tim.o(.text)
    TIM_OC3NPolarityConfig                   0x08001dab   Thumb Code    26  stm32f10x_tim.o(.text)
    TIM_OC4PolarityConfig                    0x08001dc5   Thumb Code    26  stm32f10x_tim.o(.text)
    TIM_CCxCmd                               0x08001ddf   Thumb Code    30  stm32f10x_tim.o(.text)
    TIM_CCxNCmd                              0x08001dfd   Thumb Code    30  stm32f10x_tim.o(.text)
    TIM_SelectOCxM                           0x08001e1b   Thumb Code    82  stm32f10x_tim.o(.text)
    TIM_UpdateDisableConfig                  0x08001e6d   Thumb Code    24  stm32f10x_tim.o(.text)
    TIM_UpdateRequestConfig                  0x08001e85   Thumb Code    24  stm32f10x_tim.o(.text)
    TIM_SelectHallSensor                     0x08001e9d   Thumb Code    24  stm32f10x_tim.o(.text)
    TIM_SelectOnePulseMode                   0x08001eb5   Thumb Code    18  stm32f10x_tim.o(.text)
    TIM_SelectOutputTrigger                  0x08001ec7   Thumb Code    18  stm32f10x_tim.o(.text)
    TIM_SelectSlaveMode                      0x08001ed9   Thumb Code    18  stm32f10x_tim.o(.text)
    TIM_SelectMasterSlaveMode                0x08001eeb   Thumb Code    18  stm32f10x_tim.o(.text)
    TIM_SetCounter                           0x08001efd   Thumb Code     4  stm32f10x_tim.o(.text)
    TIM_SetAutoreload                        0x08001f01   Thumb Code     4  stm32f10x_tim.o(.text)
    TIM_SetCompare1                          0x08001f05   Thumb Code     4  stm32f10x_tim.o(.text)
    TIM_SetCompare2                          0x08001f09   Thumb Code     4  stm32f10x_tim.o(.text)
    TIM_SetCompare3                          0x08001f0d   Thumb Code     4  stm32f10x_tim.o(.text)
    TIM_SetCompare4                          0x08001f11   Thumb Code     6  stm32f10x_tim.o(.text)
    TIM_SetClockDivision                     0x08001f17   Thumb Code    18  stm32f10x_tim.o(.text)
    TIM_GetCapture1                          0x08001f29   Thumb Code     6  stm32f10x_tim.o(.text)
    TIM_GetCapture2                          0x08001f2f   Thumb Code     6  stm32f10x_tim.o(.text)
    TIM_GetCapture3                          0x08001f35   Thumb Code     6  stm32f10x_tim.o(.text)
    TIM_GetCapture4                          0x08001f3b   Thumb Code     8  stm32f10x_tim.o(.text)
    TIM_GetCounter                           0x08001f43   Thumb Code     6  stm32f10x_tim.o(.text)
    TIM_GetPrescaler                         0x08001f49   Thumb Code     6  stm32f10x_tim.o(.text)
    TIM_GetFlagStatus                        0x08001f4f   Thumb Code    18  stm32f10x_tim.o(.text)
    TIM_ClearFlag                            0x08001f61   Thumb Code     6  stm32f10x_tim.o(.text)
    TIM_GetITStatus                          0x08001f67   Thumb Code    34  stm32f10x_tim.o(.text)
    TIM_ClearITPendingBit                    0x08001f89   Thumb Code     6  stm32f10x_tim.o(.text)
    Delay_Init                               0x08001f91   Thumb Code    48  delay.o(.text)
    DelayUs                                  0x08001fc1   Thumb Code    60  delay.o(.text)
    DelayXms                                 0x08001ffd   Thumb Code    66  delay.o(.text)
    DelayMs                                  0x0800203f   Thumb Code    60  delay.o(.text)
    Usart1_Init                              0x08002085   Thumb Code   166  usart.o(.text)
    Usart2_Init                              0x0800212b   Thumb Code   162  usart.o(.text)
    Usart3_Init                              0x080021cd   Thumb Code   164  usart.o(.text)
    fputc                                    0x08002271   Thumb Code    32  usart.o(.text)
    Usart_SendString                         0x08002291   Thumb Code    50  usart.o(.text)
    UsartPrintf                              0x080022c3   Thumb Code    72  usart.o(.text)
    USART1_IRQHandler                        0x0800230b   Thumb Code    24  usart.o(.text)
    led_Init                                 0x08002339   Thumb Code    48  led.o(.text)
    led_Flash                                0x08002369   Thumb Code    40  led.o(.text)
    OLED_W_SCL                               0x08002395   Thumb Code    16  oled.o(.text)
    OLED_W_SDA                               0x080023a5   Thumb Code    16  oled.o(.text)
    OLED_GPIO_Init                           0x080023b5   Thumb Code    88  oled.o(.text)
    OLED_I2C_Start                           0x0800240d   Thumb Code    28  oled.o(.text)
    OLED_I2C_Stop                            0x08002429   Thumb Code    22  oled.o(.text)
    OLED_I2C_SendByte                        0x0800243f   Thumb Code    62  oled.o(.text)
    OLED_WriteCommand                        0x0800247d   Thumb Code    32  oled.o(.text)
    OLED_WriteData                           0x0800249d   Thumb Code    46  oled.o(.text)
    OLED_SetCursor                           0x080024cb   Thumb Code    34  oled.o(.text)
    OLED_Update                              0x080024ed   Thumb Code    36  oled.o(.text)
    OLED_Clear                               0x08002511   Thumb Code    36  oled.o(.text)
    OLED_Init                                0x08002535   Thumb Code   154  oled.o(.text)
    OLED_Pow                                 0x080025cf   Thumb Code    20  oled.o(.text)
    OLED_pnpoly                              0x080025e3   Thumb Code   140  oled.o(.text)
    OLED_IsInAngle                           0x0800266f   Thumb Code   110  oled.o(.text)
    OLED_UpdateArea                          0x080026dd   Thumb Code   120  oled.o(.text)
    OLED_ClearArea                           0x08002755   Thumb Code   184  oled.o(.text)
    OLED_Reverse                             0x0800280d   Thumb Code    46  oled.o(.text)
    OLED_ReverseArea                         0x0800283b   Thumb Code   162  oled.o(.text)
    OLED_ShowImage                           0x080028dd   Thumb Code   296  oled.o(.text)
    OLED_ShowChar                            0x08002a05   Thumb Code    74  oled.o(.text)
    OLED_ShowString                          0x08002a4f   Thumb Code    46  oled.o(.text)
    OLED_ShowNum                             0x08002a7d   Thumb Code    76  oled.o(.text)
    OLED_ShowSignedNum                       0x08002ac9   Thumb Code   112  oled.o(.text)
    OLED_ShowHexNum                          0x08002b39   Thumb Code    96  oled.o(.text)
    OLED_ShowBinNum                          0x08002b99   Thumb Code    70  oled.o(.text)
    OLED_ShowFloatNum                        0x08002bdf   Thumb Code   180  oled.o(.text)
    OLED_ShowChinese                         0x08002c93   Thumb Code   144  oled.o(.text)
    OLED_Printf                              0x08002d23   Thumb Code    50  oled.o(.text)
    OLED_DrawPoint                           0x08002d55   Thumb Code    74  oled.o(.text)
    OLED_GetPoint                            0x08002d9f   Thumb Code    64  oled.o(.text)
    OLED_DrawLine                            0x08002ddf   Thumb Code   374  oled.o(.text)
    OLED_DrawRectangle                       0x08002f55   Thumb Code   142  oled.o(.text)
    OLED_DrawTriangle                        0x08002fe3   Thumb Code   246  oled.o(.text)
    OLED_DrawCircle                          0x080030d9   Thumb Code   352  oled.o(.text)
    OLED_DrawEllipse                         0x08003239   Thumb Code   806  oled.o(.text)
    OLED_DrawArc                             0x0800355f   Thumb Code   624  oled.o(.text)
    OLED_ShowMenu                            0x080037cf   Thumb Code    56  oled.o(.text)
    OLED_ShowMenu_1                          0x08003807   Thumb Code    46  oled.o(.text)
    OLED_Show_Pay_Mode                       0x08003835   Thumb Code    56  oled.o(.text)
    OLED_Show_App_Tip                        0x0800386d   Thumb Code    44  oled.o(.text)
    IC_Charge_Tip                            0x08003899   Thumb Code    12  oled.o(.text)
    Tim3_Init                                0x08003925   Thumb Code    98  time.o(.text)
    TIM3_IRQHandler                          0x08003987   Thumb Code   518  time.o(.text)
    KEY_init                                 0x08003cb9   Thumb Code    42  key.o(.text)
    key_Scan                                 0x08003ce3   Thumb Code   200  key.o(.text)
    select_pay_mode                          0x08003db5   Thumb Code   116  menu.o(.text)
    Menu1                                    0x08003e29   Thumb Code   380  menu.o(.text)
    OLED_Show_Data                           0x08003fa5   Thumb Code   106  menu.o(.text)
    money_mode                               0x0800400f   Thumb Code  1040  menu.o(.text)
    time_mode                                0x0800441f   Thumb Code  1280  menu.o(.text)
    charge_mode                              0x0800491f   Thumb Code   382  menu.o(.text)
    find_mode                                0x08004a9d   Thumb Code   124  menu.o(.text)
    app_mode                                 0x08004b19   Thumb Code   252  menu.o(.text)
    Num16to10                                0x08004c15   Thumb Code    62  im1281b.o(.text)
    IM1281B_Clear                            0x08004c53   Thumb Code    18  im1281b.o(.text)
    IM1281B_Init                             0x08004c65   Thumb Code    16  im1281b.o(.text)
    IM1281B_Data_Change                      0x08004c75   Thumb Code    76  im1281b.o(.text)
    USART3_IRQHandler                        0x08004cc1   Thumb Code    62  im1281b.o(.text)
    RELAYS_Init                              0x08004d0d   Thumb Code    48  relays.o(.text)
    cJSON_GetErrorPtr                        0x08004d41   Thumb Code     6  cjson.o(.text)
    cJSON_InitHooks                          0x08004dbb   Thumb Code    48  cjson.o(.text)
    cJSON_Delete                             0x08004e05   Thumb Code    82  cjson.o(.text)
    cJSON_ParseWithOpts                      0x08005971   Thumb Code   152  cjson.o(.text)
    cJSON_Parse                              0x08005a09   Thumb Code    16  cjson.o(.text)
    cJSON_Print                              0x08006199   Thumb Code    18  cjson.o(.text)
    cJSON_PrintUnformatted                   0x080061ab   Thumb Code    18  cjson.o(.text)
    cJSON_PrintBuffered                      0x080061bd   Thumb Code    52  cjson.o(.text)
    cJSON_GetArraySize                       0x080061f1   Thumb Code    18  cjson.o(.text)
    cJSON_GetArrayItem                       0x08006203   Thumb Code    18  cjson.o(.text)
    cJSON_GetObjectItem                      0x08006215   Thumb Code    30  cjson.o(.text)
    cJSON_AddItemToArray                     0x08006269   Thumb Code    42  cjson.o(.text)
    cJSON_AddItemToObject                    0x08006293   Thumb Code    44  cjson.o(.text)
    cJSON_AddItemToObjectCS                  0x080062bf   Thumb Code    54  cjson.o(.text)
    cJSON_AddItemReferenceToArray            0x080062f5   Thumb Code    24  cjson.o(.text)
    cJSON_AddItemReferenceToObject           0x0800630d   Thumb Code    32  cjson.o(.text)
    cJSON_DetachItemFromArray                0x0800632d   Thumb Code    66  cjson.o(.text)
    cJSON_DeleteItemFromArray                0x0800636f   Thumb Code    22  cjson.o(.text)
    cJSON_DetachItemFromObject               0x08006385   Thumb Code    50  cjson.o(.text)
    cJSON_DeleteItemFromObject               0x080063b7   Thumb Code    22  cjson.o(.text)
    cJSON_InsertItemInArray                  0x080063cd   Thumb Code    64  cjson.o(.text)
    cJSON_ReplaceItemInArray                 0x0800640d   Thumb Code    76  cjson.o(.text)
    cJSON_ReplaceItemInObject                0x08006459   Thumb Code    62  cjson.o(.text)
    cJSON_CreateNull                         0x08006497   Thumb Code    18  cjson.o(.text)
    cJSON_CreateTrue                         0x080064a9   Thumb Code    18  cjson.o(.text)
    cJSON_CreateFalse                        0x080064bb   Thumb Code    18  cjson.o(.text)
    cJSON_CreateBool                         0x080064cd   Thumb Code    26  cjson.o(.text)
    cJSON_CreateNumber                       0x080064e7   Thumb Code    36  cjson.o(.text)
    cJSON_CreateString                       0x0800650b   Thumb Code    28  cjson.o(.text)
    cJSON_CreateArray                        0x08006527   Thumb Code    18  cjson.o(.text)
    cJSON_CreateObject                       0x08006539   Thumb Code    18  cjson.o(.text)
    cJSON_CreateIntArray                     0x0800654b   Thumb Code    68  cjson.o(.text)
    cJSON_CreateFloatArray                   0x0800658f   Thumb Code    68  cjson.o(.text)
    cJSON_CreateDoubleArray                  0x080065d3   Thumb Code    68  cjson.o(.text)
    cJSON_CreateStringArray                  0x08006617   Thumb Code    62  cjson.o(.text)
    cJSON_Duplicate                          0x08006655   Thumb Code   178  cjson.o(.text)
    cJSON_Minify                             0x08006707   Thumb Code   186  cjson.o(.text)
    RC522_SPI_Config                         0x080067c1   Thumb Code   168  rc522_config.o(.text)
    ReadRawRC                                0x08006871   Thumb Code   208  rc522_function.o(.text)
    WriteRawRC                               0x08006941   Thumb Code   210  rc522_function.o(.text)
    PcdReset                                 0x08006a13   Thumb Code   126  rc522_function.o(.text)
    SetBitMask                               0x08006a91   Thumb Code    28  rc522_function.o(.text)
    ClearBitMask                             0x08006aad   Thumb Code    28  rc522_function.o(.text)
    PcdComMF522                              0x08006ac9   Thumb Code   314  rc522_function.o(.text)
    PcdAntennaOn                             0x08006c03   Thumb Code    26  rc522_function.o(.text)
    PcdAntennaOff                            0x08006c1d   Thumb Code    12  rc522_function.o(.text)
    CalulateCRC                              0x08006c29   Thumb Code   118  rc522_function.o(.text)
    PcdHalt                                  0x08006c9f   Thumb Code    52  rc522_function.o(.text)
    PcdBakValue                              0x08006cd3   Thumb Code   206  rc522_function.o(.text)
    PcdValue                                 0x08006da1   Thumb Code   212  rc522_function.o(.text)
    PcdRequest                               0x08006e75   Thumb Code    86  rc522_function.o(.text)
    PcdAnticoll                              0x08006ecb   Thumb Code   114  rc522_function.o(.text)
    PcdSelect                                0x08006f3d   Thumb Code   114  rc522_function.o(.text)
    PcdAuthState                             0x08006faf   Thumb Code   112  rc522_function.o(.text)
    PcdRead                                  0x0800701f   Thumb Code    86  rc522_function.o(.text)
    PcdWrite                                 0x08007075   Thumb Code   152  rc522_function.o(.text)
    RC522_Ctrl                               0x0800710d   Thumb Code   190  rc522_function.o(.text)
    RC522_Read                               0x080071cb   Thumb Code   280  rc522_function.o(.text)
    buzzer_init                              0x0800735d   Thumb Code    46  buzzer.o(.text)
    safe                                     0x0800738b   Thumb Code    76  buzzer.o(.text)
    Hardware_Init                            0x080073e9   Thumb Code   124  main.o(.text)
    main                                     0x08007465   Thumb Code   138  main.o(.text)
    OneNET_RegisterDevice                    0x08007767   Thumb Code   216  onenet.o(.text)
    OneNet_DevLink                           0x0800783f   Thumb Code   252  onenet.o(.text)
    OneNet_FillBuf                           0x0800793b   Thumb Code  1038  onenet.o(.text)
    OneNet_FillBuf_APP_mode                  0x08007d49   Thumb Code   264  onenet.o(.text)
    OneNet_SendData                          0x08007e51   Thumb Code   134  onenet.o(.text)
    OneNet_SendData_APP_mode                 0x08007ed7   Thumb Code   134  onenet.o(.text)
    OneNET_Publish                           0x08007f5d   Thumb Code    86  onenet.o(.text)
    OneNET_Subscribe                         0x08007fb3   Thumb Code    86  onenet.o(.text)
    OneNet_RevPro                            0x08008009   Thumb Code   650  onenet.o(.text)
    ft                                       0x08008355   Thumb Code    76  hmac_sha1.o(.text)
    k                                        0x080083a1   Thumb Code    34  hmac_sha1.o(.text)
    rotr                                     0x080083c3   Thumb Code    40  hmac_sha1.o(.text)
    rotl                                     0x080083eb   Thumb Code    46  hmac_sha1.o(.text)
    sha1                                     0x08008419   Thumb Code   632  hmac_sha1.o(.text)
    hmac_sha1                                0x08008691   Thumb Code   330  hmac_sha1.o(.text)
    BASE64_Encode                            0x080087dd   Thumb Code   320  base64.o(.text)
    BASE64_Decode                            0x0800891d   Thumb Code   360  base64.o(.text)
    MQTT_NewBuffer                           0x08008a8d   Thumb Code    88  mqttkit.o(.text)
    MQTT_DeleteBuffer                        0x08008ae5   Thumb Code    28  mqttkit.o(.text)
    MQTT_DumpLength                          0x08008b01   Thumb Code    46  mqttkit.o(.text)
    MQTT_ReadLength                          0x08008b2f   Thumb Code    70  mqttkit.o(.text)
    MQTT_UnPacketRecv                        0x08008b75   Thumb Code   106  mqttkit.o(.text)
    MQTT_PacketConnect                       0x08008bdf   Thumb Code   666  mqttkit.o(.text)
    MQTT_PacketDisConnect                    0x08008e79   Thumb Code    48  mqttkit.o(.text)
    MQTT_UnPacketConnectAck                  0x08008ea9   Thumb Code    30  mqttkit.o(.text)
    MQTT_PacketPublish                       0x08008ec7   Thumb Code   452  mqttkit.o(.text)
    MQTT_PacketSaveData                      0x0800908b   Thumb Code    68  mqttkit.o(.text)
    MQTT_PacketSaveBinData                   0x080090cf   Thumb Code   192  mqttkit.o(.text)
    MQTT_UnPacketCmd                         0x0800918f   Thumb Code   140  mqttkit.o(.text)
    MQTT_PacketCmdResp                       0x0800921b   Thumb Code   132  mqttkit.o(.text)
    MQTT_PacketSubscribe                     0x0800929f   Thumb Code   254  mqttkit.o(.text)
    MQTT_UnPacketSubscribe                   0x0800939d   Thumb Code    52  mqttkit.o(.text)
    MQTT_PacketUnSubscribe                   0x080093d1   Thumb Code   300  mqttkit.o(.text)
    MQTT_UnPacketUnSubscribe                 0x080094fd   Thumb Code    18  mqttkit.o(.text)
    MQTT_UnPacketPublish                     0x0800950f   Thumb Code   440  mqttkit.o(.text)
    MQTT_PacketPublishAck                    0x080096c7   Thumb Code    72  mqttkit.o(.text)
    MQTT_UnPacketPublishAck                  0x0800970f   Thumb Code    30  mqttkit.o(.text)
    MQTT_PacketPublishRec                    0x0800972d   Thumb Code    72  mqttkit.o(.text)
    MQTT_UnPacketPublishRec                  0x08009775   Thumb Code    30  mqttkit.o(.text)
    MQTT_PacketPublishRel                    0x08009793   Thumb Code    72  mqttkit.o(.text)
    MQTT_UnPacketPublishRel                  0x080097db   Thumb Code    36  mqttkit.o(.text)
    MQTT_PacketPublishComp                   0x080097ff   Thumb Code    72  mqttkit.o(.text)
    MQTT_UnPacketPublishComp                 0x08009847   Thumb Code    30  mqttkit.o(.text)
    MQTT_PacketPing                          0x08009865   Thumb Code    48  mqttkit.o(.text)
    ESP8266_Clear                            0x08009895   Thumb Code    20  esp8266.o(.text)
    ESP8266_WaitRecive                       0x080098a9   Thumb Code    42  esp8266.o(.text)
    ESP8266_SendCmd                          0x080098d3   Thumb Code    84  esp8266.o(.text)
    ESP8266_SendData                         0x08009927   Thumb Code    46  esp8266.o(.text)
    ESP8266_GetIPD                           0x08009955   Thumb Code    78  esp8266.o(.text)
    ESP8266_Init                             0x080099a3   Thumb Code   202  esp8266.o(.text)
    USART2_IRQHandler                        0x08009a6d   Thumb Code    64  esp8266.o(.text)
    malloc                                   0x08009b7d   Thumb Code    94  h1_alloc.o(.text)
    free                                     0x08009bdb   Thumb Code    78  h1_free.o(.text)
    tolower                                  0x08009c29   Thumb Code    26  tolower.o(.text)
    vsprintf                                 0x08009c45   Thumb Code    32  vsprintf.o(.text)
    vsnprintf                                0x08009c69   Thumb Code    48  vsnprintf.o(.text)
    __2sprintf                               0x08009c9d   Thumb Code    38  __2sprintf.o(.text)
    __2snprintf                              0x08009cc9   Thumb Code    50  __2snprintf.o(.text)
    _printf_pre_padding                      0x08009d01   Thumb Code    44  _printf_pad.o(.text)
    _printf_post_padding                     0x08009d2d   Thumb Code    34  _printf_pad.o(.text)
    _printf_str                              0x08009d4f   Thumb Code    82  _printf_str.o(.text)
    _printf_int_dec                          0x08009da1   Thumb Code   104  _printf_dec.o(.text)
    _printf_longlong_hex                     0x08009e19   Thumb Code    86  _printf_hex_int_ll_ptr.o(.text)
    _printf_int_hex                          0x08009e6f   Thumb Code    28  _printf_hex_int_ll_ptr.o(.text)
    _printf_ll_hex                           0x08009e8b   Thumb Code    12  _printf_hex_int_ll_ptr.o(.text)
    _printf_hex_ptr                          0x08009e97   Thumb Code    18  _printf_hex_int_ll_ptr.o(.text)
    __printf                                 0x08009ead   Thumb Code   388  __printf_flags_ss_wp.o(.text)
    __0sscanf                                0x0800a035   Thumb Code    52  __0sscanf.o(.text)
    _scanf_int                               0x0800a071   Thumb Code   332  _scanf_int.o(.text)
    _scanf_string                            0x0800a1bd   Thumb Code   224  _scanf_str.o(.text)
    strchr                                   0x0800a29d   Thumb Code    20  strchr.o(.text)
    strncat                                  0x0800a2b1   Thumb Code    36  strncat.o(.text)
    strstr                                   0x0800a2d5   Thumb Code    36  strstr.o(.text)
    strcpy                                   0x0800a2f9   Thumb Code    72  strcpy.o(.text)
    strlen                                   0x0800a341   Thumb Code    62  strlen.o(.text)
    strncmp                                  0x0800a37f   Thumb Code   150  strncmp.o(.text)
    strcat                                   0x0800a415   Thumb Code    24  strcat.o(.text)
    __aeabi_memcpy                           0x0800a42d   Thumb Code     0  rt_memcpy_v6.o(.text)
    __rt_memcpy                              0x0800a42d   Thumb Code   138  rt_memcpy_v6.o(.text)
    _memcpy_lastbytes                        0x0800a493   Thumb Code     0  rt_memcpy_v6.o(.text)
    __aeabi_memcpy4                          0x0800a4b7   Thumb Code     0  rt_memcpy_w.o(.text)
    __aeabi_memcpy8                          0x0800a4b7   Thumb Code     0  rt_memcpy_w.o(.text)
    __rt_memcpy_w                            0x0800a4b7   Thumb Code   100  rt_memcpy_w.o(.text)
    _memcpy_lastbytes_aligned                0x0800a4ff   Thumb Code     0  rt_memcpy_w.o(.text)
    __aeabi_memclr                           0x0800a51b   Thumb Code     0  rt_memclr.o(.text)
    __rt_memclr                              0x0800a51b   Thumb Code    68  rt_memclr.o(.text)
    _memset                                  0x0800a51f   Thumb Code     0  rt_memclr.o(.text)
    __aeabi_memclr4                          0x0800a55f   Thumb Code     0  rt_memclr_w.o(.text)
    __aeabi_memclr8                          0x0800a55f   Thumb Code     0  rt_memclr_w.o(.text)
    __rt_memclr_w                            0x0800a55f   Thumb Code    78  rt_memclr_w.o(.text)
    _memset_w                                0x0800a563   Thumb Code     0  rt_memclr_w.o(.text)
    strcmp                                   0x0800a5ad   Thumb Code   128  strcmpv7m.o(.text)
    __use_two_region_memory                  0x0800a62d   Thumb Code     2  heapauxi.o(.text)
    __rt_heap_escrow                         0x0800a62f   Thumb Code     2  heapauxi.o(.text)
    __rt_heap_expand                         0x0800a631   Thumb Code     2  heapauxi.o(.text)
    __rt_ctype_table                         0x0800a635   Thumb Code    16  rt_ctype_table.o(.text)
    __rt_heap_descriptor                     0x0800a645   Thumb Code     8  rt_heap_descriptor_intlibspace.o(.text)
    __use_no_heap                            0x0800a64d   Thumb Code     2  hguard.o(.text)
    __heap$guard                             0x0800a64f   Thumb Code     2  hguard.o(.text)
    _terminate_user_alloc                    0x0800a651   Thumb Code     2  init_alloc.o(.text)
    _init_user_alloc                         0x0800a653   Thumb Code     2  init_alloc.o(.text)
    __Heap_Full                              0x0800a655   Thumb Code    34  init_alloc.o(.text)
    __Heap_Broken                            0x0800a677   Thumb Code     6  init_alloc.o(.text)
    _init_alloc                              0x0800a67d   Thumb Code    94  init_alloc.o(.text)
    __Heap_Initialize                        0x0800a6db   Thumb Code    10  h1_init.o(.text)
    __Heap_DescSize                          0x0800a6e5   Thumb Code     4  h1_init.o(.text)
    __read_errno                             0x0800a6e9   Thumb Code    10  _rserrno.o(.text)
    __set_errno                              0x0800a6f3   Thumb Code    12  _rserrno.o(.text)
    _printf_truncate_signed                  0x0800a6ff   Thumb Code    18  _printf_truncate.o(.text)
    _printf_truncate_unsigned                0x0800a711   Thumb Code    18  _printf_truncate.o(.text)
    _printf_int_common                       0x0800a723   Thumb Code   178  _printf_intcommon.o(.text)
    _printf_charcount                        0x0800a7d5   Thumb Code    40  _printf_charcount.o(.text)
    __lib_sel_fp_printf                      0x0800a7fd   Thumb Code     2  _printf_fp_dec.o(.text)
    _printf_fp_dec_real                      0x0800a9af   Thumb Code   620  _printf_fp_dec.o(.text)
    _printf_char_common                      0x0800ac27   Thumb Code    32  _printf_char_common.o(.text)
    _sputc                                   0x0800ac4d   Thumb Code    10  _sputc.o(.text)
    _snputc                                  0x0800ac57   Thumb Code    16  _snputc.o(.text)
    _printf_cs_common                        0x0800ac67   Thumb Code    20  _printf_char.o(.text)
    _printf_char                             0x0800ac7b   Thumb Code    16  _printf_char.o(.text)
    _printf_string                           0x0800ac8b   Thumb Code     8  _printf_char.o(.text)
    _printf_wctomb                           0x0800ac95   Thumb Code   182  _printf_wctomb.o(.text)
    _printf_longlong_dec                     0x0800ad51   Thumb Code   108  _printf_longlong_dec.o(.text)
    _printf_longlong_oct                     0x0800adcd   Thumb Code    66  _printf_oct_int_ll.o(.text)
    _printf_int_oct                          0x0800ae0f   Thumb Code    24  _printf_oct_int_ll.o(.text)
    _printf_ll_oct                           0x0800ae27   Thumb Code    12  _printf_oct_int_ll.o(.text)
    _chval                                   0x0800ae3d   Thumb Code    28  _chval.o(.text)
    __vfscanf_char                           0x0800ae65   Thumb Code    24  scanf_char.o(.text)
    _sgetc                                   0x0800ae85   Thumb Code    30  _sgetc.o(.text)
    _sbackspace                              0x0800aea3   Thumb Code    34  _sgetc.o(.text)
    __user_libspace                          0x0800aec5   Thumb Code     8  libspace.o(.text)
    __user_perproc_libspace                  0x0800aec5   Thumb Code     0  libspace.o(.text)
    __user_perthread_libspace                0x0800aec5   Thumb Code     0  libspace.o(.text)
    __rt_locale                              0x0800aecd   Thumb Code     8  rt_locale_intlibspace.o(.text)
    __aeabi_errno_addr                       0x0800aed5   Thumb Code     8  rt_errno_addr_intlibspace.o(.text)
    __errno$intlibspace                      0x0800aed5   Thumb Code     0  rt_errno_addr_intlibspace.o(.text)
    __rt_errno_addr$intlibspace              0x0800aed5   Thumb Code     0  rt_errno_addr_intlibspace.o(.text)
    __Heap_ProvideMemory                     0x0800aedd   Thumb Code    52  h1_extend.o(.text)
    _ll_udiv10                               0x0800af11   Thumb Code   138  lludiv10.o(.text)
    isspace                                  0x0800af9b   Thumb Code    18  isspace.o(.text)
    _printf_fp_hex_real                      0x0800afad   Thumb Code   756  _printf_fp_hex.o(.text)
    _printf_fp_infnan                        0x0800b2a9   Thumb Code   112  _printf_fp_infnan.o(.text)
    _printf_lcs_common                       0x0800b329   Thumb Code    20  _printf_wchar.o(.text)
    _printf_wchar                            0x0800b33d   Thumb Code    16  _printf_wchar.o(.text)
    _printf_wstring                          0x0800b34d   Thumb Code     8  _printf_wchar.o(.text)
    __vfscanf                                0x0800b355   Thumb Code   878  _scanf.o(.text)
    _btod_etento                             0x0800b6c9   Thumb Code   224  bigflt0.o(.text)
    _wcrtomb                                 0x0800b7ad   Thumb Code    64  _wcrtomb.o(.text)
    __rt_SIGRTMEM                            0x0800b7ed   Thumb Code    14  defsig_rtmem_outer.o(.text)
    __I$use$semihosting                      0x0800b7fb   Thumb Code     0  use_no_semi.o(.text)
    __use_no_semihosting_swi                 0x0800b7fb   Thumb Code     2  use_no_semi.o(.text)
    __semihosting_library_function           0x0800b7fd   Thumb Code     0  indicate_semi.o(.text)
    __user_setup_stackheap                   0x0800b7fd   Thumb Code    74  sys_stackheap_outer.o(.text)
    exit                                     0x0800b847   Thumb Code    18  exit.o(.text)
    __sig_exit                               0x0800b859   Thumb Code    10  defsig_exit.o(.text)
    __rt_SIGRTMEM_inner                      0x0800b865   Thumb Code    22  defsig_rtmem_inner.o(.text)
    _sys_exit                                0x0800b8b5   Thumb Code     8  sys_exit.o(.text)
    __default_signal_display                 0x0800b8c1   Thumb Code    50  defsig_general.o(.text)
    _ttywrch                                 0x0800b8f3   Thumb Code    14  sys_wrch.o(.text)
    _btod_d2e                                0x0800b901   Thumb Code    62  btod.o(CL$$btod_d2e)
    _d2e_denorm_low                          0x0800b93f   Thumb Code    70  btod.o(CL$$btod_d2e_denorm_low)
    _d2e_norm_op1                            0x0800b985   Thumb Code    96  btod.o(CL$$btod_d2e_norm_op1)
    __btod_div_common                        0x0800b9e5   Thumb Code   696  btod.o(CL$$btod_div_common)
    _e2e                                     0x0800bd1d   Thumb Code   220  btod.o(CL$$btod_e2e)
    _btod_ediv                               0x0800bdf9   Thumb Code    42  btod.o(CL$$btod_ediv)
    _btod_emul                               0x0800be23   Thumb Code    42  btod.o(CL$$btod_emul)
    __btod_mult_common                       0x0800be4d   Thumb Code   580  btod.o(CL$$btod_mult_common)
    __ARM_fpclassify                         0x0800c091   Thumb Code    40  fpclassify.o(i.__ARM_fpclassify)
    __kernel_poly                            0x0800c0b9   Thumb Code   170  poly.o(i.__kernel_poly)
    __mathlib_dbl_divzero                    0x0800c165   Thumb Code    12  dunder.o(i.__mathlib_dbl_divzero)
    __mathlib_dbl_infnan                     0x0800c175   Thumb Code     6  dunder.o(i.__mathlib_dbl_infnan)
    __mathlib_dbl_infnan2                    0x0800c17b   Thumb Code     4  dunder.o(i.__mathlib_dbl_infnan2)
    __mathlib_dbl_invalid                    0x0800c17f   Thumb Code    12  dunder.o(i.__mathlib_dbl_invalid)
    __mathlib_dbl_overflow                   0x0800c18b   Thumb Code    14  dunder.o(i.__mathlib_dbl_overflow)
    __mathlib_dbl_underflow                  0x0800c199   Thumb Code    10  dunder.o(i.__mathlib_dbl_underflow)
    _is_digit                                0x0800c1a9   Thumb Code    14  __printf_wp.o(i._is_digit)
    atan                                     0x0800c1b9   Thumb Code   474  atan.o(i.atan)
    atan2                                    0x0800c3d9   Thumb Code   346  atan2.o(i.atan2)
    floor                                    0x0800c559   Thumb Code   204  floor.o(i.floor)
    pow                                      0x0800c635   Thumb Code  2512  pow.o(i.pow)
    sqrt                                     0x0800d00d   Thumb Code    76  sqrt.o(i.sqrt)
    _get_lc_ctype                            0x0800d059   Thumb Code    44  lc_ctype_c.o(locale$$code)
    _get_lc_numeric                          0x0800d085   Thumb Code    44  lc_numeric_c.o(locale$$code)
    __aeabi_d2f                              0x0800d0b1   Thumb Code     0  d2f.o(x$fpl$d2f)
    _d2f                                     0x0800d0b1   Thumb Code    98  d2f.o(x$fpl$d2f)
    __aeabi_dadd                             0x0800d115   Thumb Code     0  daddsub_clz.o(x$fpl$dadd)
    _dadd                                    0x0800d115   Thumb Code   332  daddsub_clz.o(x$fpl$dadd)
    __fpl_dcheck_NaN1                        0x0800d265   Thumb Code    10  dcheck1.o(x$fpl$dcheck1)
    __fpl_dcmp_Inf                           0x0800d275   Thumb Code    24  dcmpi.o(x$fpl$dcmpinf)
    __aeabi_ddiv                             0x0800d28d   Thumb Code     0  ddiv.o(x$fpl$ddiv)
    _ddiv                                    0x0800d28d   Thumb Code   552  ddiv.o(x$fpl$ddiv)
    __aeabi_cdcmpeq                          0x0800d53d   Thumb Code     0  deqf.o(x$fpl$deqf)
    _dcmpeq                                  0x0800d53d   Thumb Code   120  deqf.o(x$fpl$deqf)
    __aeabi_d2iz                             0x0800d5b5   Thumb Code     0  dfix.o(x$fpl$dfix)
    _dfix                                    0x0800d5b5   Thumb Code    94  dfix.o(x$fpl$dfix)
    __aeabi_d2uiz                            0x0800d615   Thumb Code     0  dfixu.o(x$fpl$dfixu)
    _dfixu                                   0x0800d615   Thumb Code    90  dfixu.o(x$fpl$dfixu)
    __aeabi_i2d                              0x0800d66f   Thumb Code     0  dflt_clz.o(x$fpl$dflt)
    _dflt                                    0x0800d66f   Thumb Code    46  dflt_clz.o(x$fpl$dflt)
    __aeabi_ui2d                             0x0800d69d   Thumb Code     0  dflt_clz.o(x$fpl$dfltu)
    _dfltu                                   0x0800d69d   Thumb Code    38  dflt_clz.o(x$fpl$dfltu)
    __aeabi_cdcmple                          0x0800d6c5   Thumb Code     0  dleqf.o(x$fpl$dleqf)
    _dcmple                                  0x0800d6c5   Thumb Code   120  dleqf.o(x$fpl$dleqf)
    __fpl_dcmple_InfNaN                      0x0800d727   Thumb Code     0  dleqf.o(x$fpl$dleqf)
    __aeabi_dmul                             0x0800d73d   Thumb Code     0  dmul.o(x$fpl$dmul)
    _dmul                                    0x0800d73d   Thumb Code   332  dmul.o(x$fpl$dmul)
    __fpl_dnaninf                            0x0800d891   Thumb Code   156  dnaninf.o(x$fpl$dnaninf)
    __fpl_dretinf                            0x0800d92d   Thumb Code    12  dretinf.o(x$fpl$dretinf)
    __aeabi_cdrcmple                         0x0800d939   Thumb Code     0  drleqf.o(x$fpl$drleqf)
    _drcmple                                 0x0800d939   Thumb Code   108  drleqf.o(x$fpl$drleqf)
    __aeabi_drsub                            0x0800d9a5   Thumb Code     0  daddsub_clz.o(x$fpl$drsb)
    _drsb                                    0x0800d9a5   Thumb Code    22  daddsub_clz.o(x$fpl$drsb)
    _dsqrt                                   0x0800d9bd   Thumb Code   456  dsqrt_noumaal.o(x$fpl$dsqrt)
    __aeabi_dsub                             0x0800db89   Thumb Code     0  daddsub_clz.o(x$fpl$dsub)
    _dsub                                    0x0800db89   Thumb Code   464  daddsub_clz.o(x$fpl$dsub)
    __aeabi_f2d                              0x0800dd5d   Thumb Code     0  f2d.o(x$fpl$f2d)
    _f2d                                     0x0800dd5d   Thumb Code    86  f2d.o(x$fpl$f2d)
    __aeabi_fadd                             0x0800ddb5   Thumb Code     0  faddsub_clz.o(x$fpl$fadd)
    _fadd                                    0x0800ddb5   Thumb Code   196  faddsub_clz.o(x$fpl$fadd)
    __fpl_fcmp_Inf                           0x0800de79   Thumb Code    24  fcmpi.o(x$fpl$fcmpinf)
    __aeabi_f2uiz                            0x0800de91   Thumb Code     0  ffixu.o(x$fpl$ffixu)
    _ffixu                                   0x0800de91   Thumb Code    62  ffixu.o(x$fpl$ffixu)
    __aeabi_i2f                              0x0800ded1   Thumb Code     0  fflt_clz.o(x$fpl$fflt)
    _fflt                                    0x0800ded1   Thumb Code    48  fflt_clz.o(x$fpl$fflt)
    __aeabi_cfcmple                          0x0800df01   Thumb Code     0  fleqf.o(x$fpl$fleqf)
    _fcmple                                  0x0800df01   Thumb Code   104  fleqf.o(x$fpl$fleqf)
    __fpl_fcmple_InfNaN                      0x0800df53   Thumb Code     0  fleqf.o(x$fpl$fleqf)
    __aeabi_fmul                             0x0800df69   Thumb Code     0  fmul.o(x$fpl$fmul)
    _fmul                                    0x0800df69   Thumb Code   258  fmul.o(x$fpl$fmul)
    __fpl_fnaninf                            0x0800e06b   Thumb Code   140  fnaninf.o(x$fpl$fnaninf)
    __fpl_fretinf                            0x0800e0f7   Thumb Code    10  fretinf.o(x$fpl$fretinf)
    __aeabi_cfrcmple                         0x0800e101   Thumb Code     0  frleqf.o(x$fpl$frleqf)
    _frcmple                                 0x0800e101   Thumb Code    98  frleqf.o(x$fpl$frleqf)
    __aeabi_fsub                             0x0800e165   Thumb Code     0  faddsub_clz.o(x$fpl$fsub)
    _fsub                                    0x0800e165   Thumb Code   234  faddsub_clz.o(x$fpl$fsub)
    _printf_fp_dec                           0x0800e24f   Thumb Code     4  printf1.o(x$fpl$printf1)
    _printf_fp_hex                           0x0800e253   Thumb Code     4  printf2.o(x$fpl$printf2)
    __fpl_return_NaN                         0x0800e257   Thumb Code   100  retnan.o(x$fpl$retnan)
    __ARM_scalbn                             0x0800e2bb   Thumb Code    92  scalbn.o(x$fpl$scalbn)
    __fpl_cmpreturn                          0x0800e317   Thumb Code    48  trapv.o(x$fpl$trapveneer)
    OLED_F8x16                               0x0800e346   Data        1520  oled_data.o(.constdata)
    __I$use$fp                               0x0800e346   Number         0  usenofp.o(x$fpl$usenofp)
    OLED_F6x8                                0x0800e936   Data         570  oled_data.o(.constdata)
    OLED_CF16x16                             0x0800eb70   Data        1728  oled_data.o(.constdata)
    Diode                                    0x0800f230   Data          32  oled_data.o(.constdata)
    __mathlib_zero                           0x0800f478   Data           8  qnan.o(.constdata)
    Region$$Table$$Base                      0x0800f660   Number         0  anon$$obj.o(Region$$Table)
    Region$$Table$$Limit                     0x0800f680   Number         0  anon$$obj.o(Region$$Table)
    __ctype                                  0x0800f68d   Data           0  lc_ctype_c.o(locale$$data)
    SystemCoreClock                          0x20000000   Data           4  system_stm32f10x.o(.data)
    AHBPrescTable                            0x20000004   Data          16  system_stm32f10x.o(.data)
    UsCount                                  0x20000028   Data           1  delay.o(.data)
    MsCount                                  0x2000002a   Data           2  delay.o(.data)
    time_hour                                0x2000002c   Data           4  time.o(.data)
    time_min                                 0x20000030   Data           4  time.o(.data)
    dev_Charge                               0x20000034   Data           4  time.o(.data)
    TIME_OUT                                 0x20000038   Data           4  time.o(.data)
    U                                        0x2000003c   Data           4  time.o(.data)
    A                                        0x20000040   Data           4  time.o(.data)
    W                                        0x20000044   Data           4  time.o(.data)
    kWh                                      0x20000048   Data           4  time.o(.data)
    Q                                        0x2000004c   Data           4  time.o(.data)
    Co2                                      0x20000050   Data           4  time.o(.data)
    temp                                     0x20000054   Data           4  time.o(.data)
    Hz                                       0x20000058   Data           4  time.o(.data)
    APP_Hour                                 0x2000005c   Data           4  time.o(.data)
    APP_Min                                  0x20000060   Data           4  time.o(.data)
    Min                                      0x20000068   Data           4  menu.o(.data)
    Hour                                     0x2000006c   Data           4  menu.o(.data)
    IM1281B_cnt                              0x20000070   Data           2  im1281b.o(.data)
    IM1281B_cntPre                           0x20000072   Data           2  im1281b.o(.data)
    SAFE_FLAG                                0x20000080   Data           4  buzzer.o(.data)
    cur_mode                                 0x20000084   Data           4  main.o(.data)
    APP_Return_flag                          0x20000088   Data           4  onenet.o(.data)
    esp8266_cnt                              0x2000008e   Data           2  esp8266.o(.data)
    esp8266_cntPre                           0x20000090   Data           2  esp8266.o(.data)
    OLED_DisplayBuf                          0x20000094   Data        1024  oled.o(.bss)
    IM1281B_buf                              0x20000494   Data         128  im1281b.o(.bss)
    IM1281B_Data                             0x20000514   Data          32  im1281b.o(.bss)
    devid                                    0x20000534   Data          16  onenet.o(.bss)
    key                                      0x20000544   Data          48  onenet.o(.bss)
    esp8266_buf                              0x20000574   Data         512  esp8266.o(.bss)
    __libspace_start                         0x20000774   Data          96  libspace.o(.bss)
    __temporary_stack_top$libspace           0x200007d4   Data           0  libspace.o(.bss)



==============================================================================

Memory Map of the image

  Image Entry point : 0x080000ed

  Load Region LR_IROM1 (Base: 0x08000000, Size: 0x0000f840, Max: 0x00010000, ABSOLUTE)

    Execution Region ER_IROM1 (Exec base: 0x08000000, Load base: 0x08000000, Size: 0x0000f7ac, Max: 0x00010000, ABSOLUTE)

    Exec Addr    Load Addr    Size         Type   Attr      Idx    E Section Name        Object

    0x08000000   0x08000000   0x000000ec   Data   RO          139    RESET               startup_stm32f10x_md.o
    0x080000ec   0x080000ec   0x00000008   Code   RO          972  * !!!main             c_w.l(__main.o)
    0x080000f4   0x080000f4   0x00000034   Code   RO         1436    !!!scatter          c_w.l(__scatter.o)
    0x08000128   0x08000128   0x0000001a   Code   RO         1438    !!handler_copy      c_w.l(__scatter_copy.o)
    0x08000142   0x08000142   0x00000002   PAD
    0x08000144   0x08000144   0x0000001c   Code   RO         1440    !!handler_zi        c_w.l(__scatter_zi.o)
    0x08000160   0x08000160   0x00000000   Code   RO          939    .ARM.Collect$$_printf_percent$$00000000  c_w.l(_printf_percent.o)
    0x08000160   0x08000160   0x00000006   Code   RO         1116    .ARM.Collect$$_printf_percent$$00000001  c_w.l(_printf_n.o)
    0x08000166   0x08000166   0x00000006   Code   RO         1117    .ARM.Collect$$_printf_percent$$00000002  c_w.l(_printf_p.o)
    0x0800016c   0x0800016c   0x00000006   Code   RO          937    .ARM.Collect$$_printf_percent$$00000003  c_w.l(_printf_f.o)
    0x08000172   0x08000172   0x00000006   Code   RO          938    .ARM.Collect$$_printf_percent$$00000004  c_w.l(_printf_e.o)
    0x08000178   0x08000178   0x00000006   Code   RO         1121    .ARM.Collect$$_printf_percent$$00000005  c_w.l(_printf_g.o)
    0x0800017e   0x0800017e   0x00000006   Code   RO         1122    .ARM.Collect$$_printf_percent$$00000006  c_w.l(_printf_a.o)
    0x08000184   0x08000184   0x0000000a   Code   RO         1127    .ARM.Collect$$_printf_percent$$00000007  c_w.l(_printf_ll.o)
    0x0800018e   0x0800018e   0x00000006   Code   RO         1119    .ARM.Collect$$_printf_percent$$00000008  c_w.l(_printf_i.o)
    0x08000194   0x08000194   0x00000006   Code   RO          936    .ARM.Collect$$_printf_percent$$00000009  c_w.l(_printf_d.o)
    0x0800019a   0x0800019a   0x00000006   Code   RO         1120    .ARM.Collect$$_printf_percent$$0000000A  c_w.l(_printf_u.o)
    0x080001a0   0x080001a0   0x00000006   Code   RO         1118    .ARM.Collect$$_printf_percent$$0000000B  c_w.l(_printf_o.o)
    0x080001a6   0x080001a6   0x00000006   Code   RO          935    .ARM.Collect$$_printf_percent$$0000000C  c_w.l(_printf_x.o)
    0x080001ac   0x080001ac   0x00000006   Code   RO         1124    .ARM.Collect$$_printf_percent$$0000000D  c_w.l(_printf_lli.o)
    0x080001b2   0x080001b2   0x00000006   Code   RO         1125    .ARM.Collect$$_printf_percent$$0000000E  c_w.l(_printf_lld.o)
    0x080001b8   0x080001b8   0x00000006   Code   RO         1126    .ARM.Collect$$_printf_percent$$0000000F  c_w.l(_printf_llu.o)
    0x080001be   0x080001be   0x00000006   Code   RO         1131    .ARM.Collect$$_printf_percent$$00000010  c_w.l(_printf_llo.o)
    0x080001c4   0x080001c4   0x00000006   Code   RO         1132    .ARM.Collect$$_printf_percent$$00000011  c_w.l(_printf_llx.o)
    0x080001ca   0x080001ca   0x0000000a   Code   RO         1128    .ARM.Collect$$_printf_percent$$00000012  c_w.l(_printf_l.o)
    0x080001d4   0x080001d4   0x00000006   Code   RO         1115    .ARM.Collect$$_printf_percent$$00000013  c_w.l(_printf_c.o)
    0x080001da   0x080001da   0x00000006   Code   RO          934    .ARM.Collect$$_printf_percent$$00000014  c_w.l(_printf_s.o)
    0x080001e0   0x080001e0   0x00000006   Code   RO         1129    .ARM.Collect$$_printf_percent$$00000015  c_w.l(_printf_lc.o)
    0x080001e6   0x080001e6   0x00000006   Code   RO         1130    .ARM.Collect$$_printf_percent$$00000016  c_w.l(_printf_ls.o)
    0x080001ec   0x080001ec   0x00000004   Code   RO         1123    .ARM.Collect$$_printf_percent$$00000017  c_w.l(_printf_percent_end.o)
    0x080001f0   0x080001f0   0x00000002   Code   RO         1371    .ARM.Collect$$libinit$$00000000  c_w.l(libinit.o)
    0x080001f2   0x080001f2   0x00000000   Code   RO         1142    .ARM.Collect$$libinit$$00000002  c_w.l(libinit2.o)
    0x080001f2   0x080001f2   0x00000000   Code   RO         1144    .ARM.Collect$$libinit$$00000004  c_w.l(libinit2.o)
    0x080001f2   0x080001f2   0x00000008   Code   RO         1145    .ARM.Collect$$libinit$$00000005  c_w.l(libinit2.o)
    0x080001fa   0x080001fa   0x00000000   Code   RO         1147    .ARM.Collect$$libinit$$0000000A  c_w.l(libinit2.o)
    0x080001fa   0x080001fa   0x00000000   Code   RO         1149    .ARM.Collect$$libinit$$0000000C  c_w.l(libinit2.o)
    0x080001fa   0x080001fa   0x00000000   Code   RO         1151    .ARM.Collect$$libinit$$0000000E  c_w.l(libinit2.o)
    0x080001fa   0x080001fa   0x00000006   Code   RO         1152    .ARM.Collect$$libinit$$0000000F  c_w.l(libinit2.o)
    0x08000200   0x08000200   0x00000000   Code   RO         1154    .ARM.Collect$$libinit$$00000011  c_w.l(libinit2.o)
    0x08000200   0x08000200   0x0000000c   Code   RO         1155    .ARM.Collect$$libinit$$00000012  c_w.l(libinit2.o)
    0x0800020c   0x0800020c   0x00000000   Code   RO         1156    .ARM.Collect$$libinit$$00000013  c_w.l(libinit2.o)
    0x0800020c   0x0800020c   0x00000000   Code   RO         1158    .ARM.Collect$$libinit$$00000015  c_w.l(libinit2.o)
    0x0800020c   0x0800020c   0x0000000a   Code   RO         1159    .ARM.Collect$$libinit$$00000016  c_w.l(libinit2.o)
    0x08000216   0x08000216   0x00000000   Code   RO         1160    .ARM.Collect$$libinit$$00000017  c_w.l(libinit2.o)
    0x08000216   0x08000216   0x00000000   Code   RO         1162    .ARM.Collect$$libinit$$00000019  c_w.l(libinit2.o)
    0x08000216   0x08000216   0x00000000   Code   RO         1164    .ARM.Collect$$libinit$$0000001B  c_w.l(libinit2.o)
    0x08000216   0x08000216   0x00000000   Code   RO         1166    .ARM.Collect$$libinit$$0000001D  c_w.l(libinit2.o)
    0x08000216   0x08000216   0x00000000   Code   RO         1168    .ARM.Collect$$libinit$$0000001F  c_w.l(libinit2.o)
    0x08000216   0x08000216   0x00000000   Code   RO         1170    .ARM.Collect$$libinit$$00000021  c_w.l(libinit2.o)
    0x08000216   0x08000216   0x00000000   Code   RO         1172    .ARM.Collect$$libinit$$00000023  c_w.l(libinit2.o)
    0x08000216   0x08000216   0x00000000   Code   RO         1174    .ARM.Collect$$libinit$$00000025  c_w.l(libinit2.o)
    0x08000216   0x08000216   0x00000000   Code   RO         1178    .ARM.Collect$$libinit$$0000002C  c_w.l(libinit2.o)
    0x08000216   0x08000216   0x00000000   Code   RO         1180    .ARM.Collect$$libinit$$0000002E  c_w.l(libinit2.o)
    0x08000216   0x08000216   0x00000000   Code   RO         1182    .ARM.Collect$$libinit$$00000030  c_w.l(libinit2.o)
    0x08000216   0x08000216   0x00000000   Code   RO         1184    .ARM.Collect$$libinit$$00000032  c_w.l(libinit2.o)
    0x08000216   0x08000216   0x00000002   Code   RO         1185    .ARM.Collect$$libinit$$00000033  c_w.l(libinit2.o)
    0x08000218   0x08000218   0x00000002   Code   RO         1433    .ARM.Collect$$libshutdown$$00000000  c_w.l(libshutdown.o)
    0x0800021a   0x0800021a   0x00000000   Code   RO         1387    .ARM.Collect$$libshutdown$$00000002  c_w.l(libshutdown2.o)
    0x0800021a   0x0800021a   0x00000000   Code   RO         1389    .ARM.Collect$$libshutdown$$00000004  c_w.l(libshutdown2.o)
    0x0800021a   0x0800021a   0x00000000   Code   RO         1392    .ARM.Collect$$libshutdown$$00000007  c_w.l(libshutdown2.o)
    0x0800021a   0x0800021a   0x00000000   Code   RO         1395    .ARM.Collect$$libshutdown$$0000000A  c_w.l(libshutdown2.o)
    0x0800021a   0x0800021a   0x00000000   Code   RO         1397    .ARM.Collect$$libshutdown$$0000000C  c_w.l(libshutdown2.o)
    0x0800021a   0x0800021a   0x00000000   Code   RO         1400    .ARM.Collect$$libshutdown$$0000000F  c_w.l(libshutdown2.o)
    0x0800021a   0x0800021a   0x00000002   Code   RO         1401    .ARM.Collect$$libshutdown$$00000010  c_w.l(libshutdown2.o)
    0x0800021c   0x0800021c   0x00000000   Code   RO         1058    .ARM.Collect$$rtentry$$00000000  c_w.l(__rtentry.o)
    0x0800021c   0x0800021c   0x00000000   Code   RO         1250    .ARM.Collect$$rtentry$$00000002  c_w.l(__rtentry2.o)
    0x0800021c   0x0800021c   0x00000006   Code   RO         1262    .ARM.Collect$$rtentry$$00000004  c_w.l(__rtentry4.o)
    0x08000222   0x08000222   0x00000000   Code   RO         1252    .ARM.Collect$$rtentry$$00000009  c_w.l(__rtentry2.o)
    0x08000222   0x08000222   0x00000004   Code   RO         1253    .ARM.Collect$$rtentry$$0000000A  c_w.l(__rtentry2.o)
    0x08000226   0x08000226   0x00000000   Code   RO         1255    .ARM.Collect$$rtentry$$0000000C  c_w.l(__rtentry2.o)
    0x08000226   0x08000226   0x00000008   Code   RO         1256    .ARM.Collect$$rtentry$$0000000D  c_w.l(__rtentry2.o)
    0x0800022e   0x0800022e   0x00000002   Code   RO         1376    .ARM.Collect$$rtexit$$00000000  c_w.l(rtexit.o)
    0x08000230   0x08000230   0x00000000   Code   RO         1407    .ARM.Collect$$rtexit$$00000002  c_w.l(rtexit2.o)
    0x08000230   0x08000230   0x00000004   Code   RO         1408    .ARM.Collect$$rtexit$$00000003  c_w.l(rtexit2.o)
    0x08000234   0x08000234   0x00000006   Code   RO         1409    .ARM.Collect$$rtexit$$00000004  c_w.l(rtexit2.o)
    0x0800023a   0x0800023a   0x00000002   PAD
    0x0800023c   0x0800023c   0x00000000   Code   RO         1276    .emb_text           c_w.l(maybetermalloc1.o)
    0x0800023c   0x0800023c   0x00000134   Code   RO           17    .text               stm32f10x_it.o
    0x08000370   0x08000370   0x000001e0   Code   RO          119    .text               system_stm32f10x.o
    0x08000550   0x08000550   0x00000040   Code   RO          140    .text               startup_stm32f10x_md.o
    0x08000590   0x08000590   0x000000dc   Code   RO          144    .text               misc.o
    0x0800066c   0x0800066c   0x0000035c   Code   RO          182    .text               stm32f10x_gpio.o
    0x080009c8   0x080009c8   0x000003a4   Code   RO          194    .text               stm32f10x_rcc.o
    0x08000d6c   0x08000d6c   0x00000408   Code   RO          208    .text               stm32f10x_usart.o
    0x08001174   0x08001174   0x00000e1a   Code   RO          220    .text               stm32f10x_tim.o
    0x08001f8e   0x08001f8e   0x00000002   PAD
    0x08001f90   0x08001f90   0x000000f4   Code   RO          244    .text               delay.o
    0x08002084   0x08002084   0x000002b4   Code   RO          262    .text               usart.o
    0x08002338   0x08002338   0x0000005c   Code   RO          284    .text               led.o
    0x08002394   0x08002394   0x00001590   Code   RO          302    .text               oled.o
    0x08003924   0x08003924   0x00000394   Code   RO          340    .text               time.o
    0x08003cb8   0x08003cb8   0x000000fc   Code   RO          507    .text               key.o
    0x08003db4   0x08003db4   0x00000e60   Code   RO          524    .text               menu.o
    0x08004c14   0x08004c14   0x000000f8   Code   RO          543    .text               im1281b.o
    0x08004d0c   0x08004d0c   0x00000034   Code   RO          566    .text               relays.o
    0x08004d40   0x08004d40   0x00001a80   Code   RO          578    .text               cjson.o
    0x080067c0   0x080067c0   0x000000b0   Code   RO          615    .text               rc522_config.o
    0x08006870   0x08006870   0x00000aec   Code   RO          630    .text               rc522_function.o
    0x0800735c   0x0800735c   0x0000008c   Code   RO          648    .text               buzzer.o
    0x080073e8   0x080073e8   0x0000016c   Code   RO          666    .text               main.o
    0x08007554   0x08007554   0x00000e00   Code   RO          681    .text               onenet.o
    0x08008354   0x08008354   0x00000486   Code   RO          714    .text               hmac_sha1.o
    0x080087da   0x080087da   0x00000002   PAD
    0x080087dc   0x080087dc   0x000002b0   Code   RO          739    .text               base64.o
    0x08008a8c   0x08008a8c   0x00000e08   Code   RO          760    .text               mqttkit.o
    0x08009894   0x08009894   0x000002e8   Code   RO          788    .text               esp8266.o
    0x08009b7c   0x08009b7c   0x0000005e   Code   RO          813    .text               c_w.l(h1_alloc.o)
    0x08009bda   0x08009bda   0x0000004e   Code   RO          815    .text               c_w.l(h1_free.o)
    0x08009c28   0x08009c28   0x0000001a   Code   RO          871    .text               c_w.l(tolower.o)
    0x08009c42   0x08009c42   0x00000002   PAD
    0x08009c44   0x08009c44   0x00000024   Code   RO          873    .text               c_w.l(vsprintf.o)
    0x08009c68   0x08009c68   0x00000034   Code   RO          875    .text               c_w.l(vsnprintf.o)
    0x08009c9c   0x08009c9c   0x0000002c   Code   RO          877    .text               c_w.l(__2sprintf.o)
    0x08009cc8   0x08009cc8   0x00000038   Code   RO          879    .text               c_w.l(__2snprintf.o)
    0x08009d00   0x08009d00   0x0000004e   Code   RO          887    .text               c_w.l(_printf_pad.o)
    0x08009d4e   0x08009d4e   0x00000052   Code   RO          889    .text               c_w.l(_printf_str.o)
    0x08009da0   0x08009da0   0x00000078   Code   RO          891    .text               c_w.l(_printf_dec.o)
    0x08009e18   0x08009e18   0x00000094   Code   RO          911    .text               c_w.l(_printf_hex_int_ll_ptr.o)
    0x08009eac   0x08009eac   0x00000188   Code   RO          931    .text               c_w.l(__printf_flags_ss_wp.o)
    0x0800a034   0x0800a034   0x0000003c   Code   RO          940    .text               c_w.l(__0sscanf.o)
    0x0800a070   0x0800a070   0x0000014c   Code   RO          942    .text               c_w.l(_scanf_int.o)
    0x0800a1bc   0x0800a1bc   0x000000e0   Code   RO          944    .text               c_w.l(_scanf_str.o)
    0x0800a29c   0x0800a29c   0x00000014   Code   RO          946    .text               c_w.l(strchr.o)
    0x0800a2b0   0x0800a2b0   0x00000024   Code   RO          948    .text               c_w.l(strncat.o)
    0x0800a2d4   0x0800a2d4   0x00000024   Code   RO          950    .text               c_w.l(strstr.o)
    0x0800a2f8   0x0800a2f8   0x00000048   Code   RO          952    .text               c_w.l(strcpy.o)
    0x0800a340   0x0800a340   0x0000003e   Code   RO          954    .text               c_w.l(strlen.o)
    0x0800a37e   0x0800a37e   0x00000096   Code   RO          956    .text               c_w.l(strncmp.o)
    0x0800a414   0x0800a414   0x00000018   Code   RO          958    .text               c_w.l(strcat.o)
    0x0800a42c   0x0800a42c   0x0000008a   Code   RO          960    .text               c_w.l(rt_memcpy_v6.o)
    0x0800a4b6   0x0800a4b6   0x00000064   Code   RO          962    .text               c_w.l(rt_memcpy_w.o)
    0x0800a51a   0x0800a51a   0x00000044   Code   RO          964    .text               c_w.l(rt_memclr.o)
    0x0800a55e   0x0800a55e   0x0000004e   Code   RO          966    .text               c_w.l(rt_memclr_w.o)
    0x0800a5ac   0x0800a5ac   0x00000080   Code   RO          968    .text               c_w.l(strcmpv7m.o)
    0x0800a62c   0x0800a62c   0x00000006   Code   RO          970    .text               c_w.l(heapauxi.o)
    0x0800a632   0x0800a632   0x00000002   PAD
    0x0800a634   0x0800a634   0x00000010   Code   RO         1059    .text               c_w.l(rt_ctype_table.o)
    0x0800a644   0x0800a644   0x00000008   Code   RO         1064    .text               c_w.l(rt_heap_descriptor_intlibspace.o)
    0x0800a64c   0x0800a64c   0x00000004   Code   RO         1066    .text               c_w.l(hguard.o)
    0x0800a650   0x0800a650   0x0000008a   Code   RO         1068    .text               c_w.l(init_alloc.o)
    0x0800a6da   0x0800a6da   0x0000000e   Code   RO         1072    .text               c_w.l(h1_init.o)
    0x0800a6e8   0x0800a6e8   0x00000016   Code   RO         1086    .text               c_w.l(_rserrno.o)
    0x0800a6fe   0x0800a6fe   0x00000024   Code   RO         1088    .text               c_w.l(_printf_truncate.o)
    0x0800a722   0x0800a722   0x000000b2   Code   RO         1090    .text               c_w.l(_printf_intcommon.o)
    0x0800a7d4   0x0800a7d4   0x00000028   Code   RO         1092    .text               c_w.l(_printf_charcount.o)
    0x0800a7fc   0x0800a7fc   0x0000041e   Code   RO         1094    .text               c_w.l(_printf_fp_dec.o)
    0x0800ac1a   0x0800ac1a   0x00000002   PAD
    0x0800ac1c   0x0800ac1c   0x00000030   Code   RO         1096    .text               c_w.l(_printf_char_common.o)
    0x0800ac4c   0x0800ac4c   0x0000000a   Code   RO         1098    .text               c_w.l(_sputc.o)
    0x0800ac56   0x0800ac56   0x00000010   Code   RO         1100    .text               c_w.l(_snputc.o)
    0x0800ac66   0x0800ac66   0x0000002c   Code   RO         1102    .text               c_w.l(_printf_char.o)
    0x0800ac92   0x0800ac92   0x00000002   PAD
    0x0800ac94   0x0800ac94   0x000000bc   Code   RO         1104    .text               c_w.l(_printf_wctomb.o)
    0x0800ad50   0x0800ad50   0x0000007c   Code   RO         1107    .text               c_w.l(_printf_longlong_dec.o)
    0x0800adcc   0x0800adcc   0x00000070   Code   RO         1113    .text               c_w.l(_printf_oct_int_ll.o)
    0x0800ae3c   0x0800ae3c   0x0000001c   Code   RO         1133    .text               c_w.l(_chval.o)
    0x0800ae58   0x0800ae58   0x0000002c   Code   RO         1135    .text               c_w.l(scanf_char.o)
    0x0800ae84   0x0800ae84   0x00000040   Code   RO         1137    .text               c_w.l(_sgetc.o)
    0x0800aec4   0x0800aec4   0x00000008   Code   RO         1246    .text               c_w.l(libspace.o)
    0x0800aecc   0x0800aecc   0x00000008   Code   RO         1267    .text               c_w.l(rt_locale_intlibspace.o)
    0x0800aed4   0x0800aed4   0x00000008   Code   RO         1272    .text               c_w.l(rt_errno_addr_intlibspace.o)
    0x0800aedc   0x0800aedc   0x00000034   Code   RO         1278    .text               c_w.l(h1_extend.o)
    0x0800af10   0x0800af10   0x0000008a   Code   RO         1282    .text               c_w.l(lludiv10.o)
    0x0800af9a   0x0800af9a   0x00000012   Code   RO         1284    .text               c_w.l(isspace.o)
    0x0800afac   0x0800afac   0x000002fc   Code   RO         1286    .text               c_w.l(_printf_fp_hex.o)
    0x0800b2a8   0x0800b2a8   0x00000080   Code   RO         1289    .text               c_w.l(_printf_fp_infnan.o)
    0x0800b328   0x0800b328   0x0000002c   Code   RO         1293    .text               c_w.l(_printf_wchar.o)
    0x0800b354   0x0800b354   0x00000374   Code   RO         1295    .text               c_w.l(_scanf.o)
    0x0800b6c8   0x0800b6c8   0x000000e4   Code   RO         1297    .text               c_w.l(bigflt0.o)
    0x0800b7ac   0x0800b7ac   0x00000040   Code   RO         1322    .text               c_w.l(_wcrtomb.o)
    0x0800b7ec   0x0800b7ec   0x0000000e   Code   RO         1330    .text               c_w.l(defsig_rtmem_outer.o)
    0x0800b7fa   0x0800b7fa   0x00000002   Code   RO         1347    .text               c_w.l(use_no_semi.o)
    0x0800b7fc   0x0800b7fc   0x00000000   Code   RO         1349    .text               c_w.l(indicate_semi.o)
    0x0800b7fc   0x0800b7fc   0x0000004a   Code   RO         1350    .text               c_w.l(sys_stackheap_outer.o)
    0x0800b846   0x0800b846   0x00000012   Code   RO         1356    .text               c_w.l(exit.o)
    0x0800b858   0x0800b858   0x0000000a   Code   RO         1358    .text               c_w.l(defsig_exit.o)
    0x0800b862   0x0800b862   0x00000002   PAD
    0x0800b864   0x0800b864   0x00000050   Code   RO         1360    .text               c_w.l(defsig_rtmem_inner.o)
    0x0800b8b4   0x0800b8b4   0x0000000c   Code   RO         1374    .text               c_w.l(sys_exit.o)
    0x0800b8c0   0x0800b8c0   0x00000032   Code   RO         1384    .text               c_w.l(defsig_general.o)
    0x0800b8f2   0x0800b8f2   0x0000000e   Code   RO         1404    .text               c_w.l(sys_wrch.o)
    0x0800b900   0x0800b900   0x0000003e   Code   RO         1300    CL$$btod_d2e        c_w.l(btod.o)
    0x0800b93e   0x0800b93e   0x00000046   Code   RO         1302    CL$$btod_d2e_denorm_low  c_w.l(btod.o)
    0x0800b984   0x0800b984   0x00000060   Code   RO         1301    CL$$btod_d2e_norm_op1  c_w.l(btod.o)
    0x0800b9e4   0x0800b9e4   0x00000338   Code   RO         1310    CL$$btod_div_common  c_w.l(btod.o)
    0x0800bd1c   0x0800bd1c   0x000000dc   Code   RO         1307    CL$$btod_e2e        c_w.l(btod.o)
    0x0800bdf8   0x0800bdf8   0x0000002a   Code   RO         1304    CL$$btod_ediv       c_w.l(btod.o)
    0x0800be22   0x0800be22   0x0000002a   Code   RO         1303    CL$$btod_emul       c_w.l(btod.o)
    0x0800be4c   0x0800be4c   0x00000244   Code   RO         1309    CL$$btod_mult_common  c_w.l(btod.o)
    0x0800c090   0x0800c090   0x00000028   Code   RO         1231    i.__ARM_fpclassify  m_ws.l(fpclassify.o)
    0x0800c0b8   0x0800c0b8   0x000000aa   Code   RO         1233    i.__kernel_poly     m_ws.l(poly.o)
    0x0800c162   0x0800c162   0x00000002   PAD
    0x0800c164   0x0800c164   0x00000010   Code   RO         1217    i.__mathlib_dbl_divzero  m_ws.l(dunder.o)
    0x0800c174   0x0800c174   0x00000006   Code   RO         1218    i.__mathlib_dbl_infnan  m_ws.l(dunder.o)
    0x0800c17a   0x0800c17a   0x00000004   Code   RO         1219    i.__mathlib_dbl_infnan2  m_ws.l(dunder.o)
    0x0800c17e   0x0800c17e   0x0000000c   Code   RO         1220    i.__mathlib_dbl_invalid  m_ws.l(dunder.o)
    0x0800c18a   0x0800c18a   0x0000000e   Code   RO         1221    i.__mathlib_dbl_overflow  m_ws.l(dunder.o)
    0x0800c198   0x0800c198   0x00000010   Code   RO         1223    i.__mathlib_dbl_underflow  m_ws.l(dunder.o)
    0x0800c1a8   0x0800c1a8   0x0000000e   Code   RO          924    i._is_digit         c_w.l(__printf_wp.o)
    0x0800c1b6   0x0800c1b6   0x00000002   PAD
    0x0800c1b8   0x0800c1b8   0x00000220   Code   RO         1208    i.atan              m_ws.l(atan.o)
    0x0800c3d8   0x0800c3d8   0x00000180   Code   RO         1035    i.atan2             m_ws.l(atan2.o)
    0x0800c558   0x0800c558   0x000000dc   Code   RO         1043    i.floor             m_ws.l(floor.o)
    0x0800c634   0x0800c634   0x000009d8   Code   RO         1047    i.pow               m_ws.l(pow.o)
    0x0800d00c   0x0800d00c   0x0000004c   Code   RO         1237    i.sqrt              m_ws.l(sqrt.o)
    0x0800d058   0x0800d058   0x0000002c   Code   RO         1325    locale$$code        c_w.l(lc_ctype_c.o)
    0x0800d084   0x0800d084   0x0000002c   Code   RO         1328    locale$$code        c_w.l(lc_numeric_c.o)
    0x0800d0b0   0x0800d0b0   0x00000062   Code   RO          974    x$fpl$d2f           fz_ws.l(d2f.o)
    0x0800d112   0x0800d112   0x00000002   PAD
    0x0800d114   0x0800d114   0x00000150   Code   RO          976    x$fpl$dadd          fz_ws.l(daddsub_clz.o)
    0x0800d264   0x0800d264   0x00000010   Code   RO         1339    x$fpl$dcheck1       fz_ws.l(dcheck1.o)
    0x0800d274   0x0800d274   0x00000018   Code   RO         1186    x$fpl$dcmpinf       fz_ws.l(dcmpi.o)
    0x0800d28c   0x0800d28c   0x000002b0   Code   RO          983    x$fpl$ddiv          fz_ws.l(ddiv.o)
    0x0800d53c   0x0800d53c   0x00000078   Code   RO          986    x$fpl$deqf          fz_ws.l(deqf.o)
    0x0800d5b4   0x0800d5b4   0x0000005e   Code   RO          988    x$fpl$dfix          fz_ws.l(dfix.o)
    0x0800d612   0x0800d612   0x00000002   PAD
    0x0800d614   0x0800d614   0x0000005a   Code   RO          992    x$fpl$dfixu         fz_ws.l(dfixu.o)
    0x0800d66e   0x0800d66e   0x0000002e   Code   RO          997    x$fpl$dflt          fz_ws.l(dflt_clz.o)
    0x0800d69c   0x0800d69c   0x00000026   Code   RO          996    x$fpl$dfltu         fz_ws.l(dflt_clz.o)
    0x0800d6c2   0x0800d6c2   0x00000002   PAD
    0x0800d6c4   0x0800d6c4   0x00000078   Code   RO         1002    x$fpl$dleqf         fz_ws.l(dleqf.o)
    0x0800d73c   0x0800d73c   0x00000154   Code   RO         1004    x$fpl$dmul          fz_ws.l(dmul.o)
    0x0800d890   0x0800d890   0x0000009c   Code   RO         1188    x$fpl$dnaninf       fz_ws.l(dnaninf.o)
    0x0800d92c   0x0800d92c   0x0000000c   Code   RO         1190    x$fpl$dretinf       fz_ws.l(dretinf.o)
    0x0800d938   0x0800d938   0x0000006c   Code   RO         1006    x$fpl$drleqf        fz_ws.l(drleqf.o)
    0x0800d9a4   0x0800d9a4   0x00000016   Code   RO          977    x$fpl$drsb          fz_ws.l(daddsub_clz.o)
    0x0800d9ba   0x0800d9ba   0x00000002   PAD
    0x0800d9bc   0x0800d9bc   0x000001cc   Code   RO         1341    x$fpl$dsqrt         fz_ws.l(dsqrt_noumaal.o)
    0x0800db88   0x0800db88   0x000001d4   Code   RO          978    x$fpl$dsub          fz_ws.l(daddsub_clz.o)
    0x0800dd5c   0x0800dd5c   0x00000056   Code   RO         1008    x$fpl$f2d           fz_ws.l(f2d.o)
    0x0800ddb2   0x0800ddb2   0x00000002   PAD
    0x0800ddb4   0x0800ddb4   0x000000c4   Code   RO         1010    x$fpl$fadd          fz_ws.l(faddsub_clz.o)
    0x0800de78   0x0800de78   0x00000018   Code   RO         1192    x$fpl$fcmpinf       fz_ws.l(fcmpi.o)
    0x0800de90   0x0800de90   0x0000003e   Code   RO         1016    x$fpl$ffixu         fz_ws.l(ffixu.o)
    0x0800dece   0x0800dece   0x00000002   PAD
    0x0800ded0   0x0800ded0   0x00000030   Code   RO         1021    x$fpl$fflt          fz_ws.l(fflt_clz.o)
    0x0800df00   0x0800df00   0x00000068   Code   RO         1026    x$fpl$fleqf         fz_ws.l(fleqf.o)
    0x0800df68   0x0800df68   0x00000102   Code   RO         1028    x$fpl$fmul          fz_ws.l(fmul.o)
    0x0800e06a   0x0800e06a   0x0000008c   Code   RO         1194    x$fpl$fnaninf       fz_ws.l(fnaninf.o)
    0x0800e0f6   0x0800e0f6   0x0000000a   Code   RO         1196    x$fpl$fretinf       fz_ws.l(fretinf.o)
    0x0800e100   0x0800e100   0x00000062   Code   RO         1030    x$fpl$frleqf        fz_ws.l(frleqf.o)
    0x0800e162   0x0800e162   0x00000002   PAD
    0x0800e164   0x0800e164   0x000000ea   Code   RO         1012    x$fpl$fsub          fz_ws.l(faddsub_clz.o)
    0x0800e24e   0x0800e24e   0x00000004   Code   RO         1032    x$fpl$printf1       fz_ws.l(printf1.o)
    0x0800e252   0x0800e252   0x00000004   Code   RO         1198    x$fpl$printf2       fz_ws.l(printf2.o)
    0x0800e256   0x0800e256   0x00000064   Code   RO         1372    x$fpl$retnan        fz_ws.l(retnan.o)
    0x0800e2ba   0x0800e2ba   0x0000005c   Code   RO         1204    x$fpl$scalbn        fz_ws.l(scalbn.o)
    0x0800e316   0x0800e316   0x00000030   Code   RO         1402    x$fpl$trapveneer    fz_ws.l(trapv.o)
    0x0800e346   0x0800e346   0x00000000   Code   RO         1206    x$fpl$usenofp       fz_ws.l(usenofp.o)
    0x0800e346   0x0800e346   0x00000f0a   Data   RO          328    .constdata          oled_data.o
    0x0800f250   0x0800f250   0x00000007   Data   RO          579    .constdata          cjson.o
    0x0800f257   0x0800f257   0x000000c0   Data   RO          740    .constdata          base64.o
    0x0800f317   0x0800f317   0x00000028   Data   RO          912    .constdata          c_w.l(_printf_hex_int_ll_ptr.o)
    0x0800f33f   0x0800f33f   0x00000011   Data   RO          932    .constdata          c_w.l(__printf_flags_ss_wp.o)
    0x0800f350   0x0800f350   0x00000088   Data   RO         1048    .constdata          m_ws.l(pow.o)
    0x0800f3d8   0x0800f3d8   0x00000008   Data   RO         1105    .constdata          c_w.l(_printf_wctomb.o)
    0x0800f3e0   0x0800f3e0   0x00000098   Data   RO         1209    .constdata          m_ws.l(atan.o)
    0x0800f478   0x0800f478   0x00000008   Data   RO         1235    .constdata          m_ws.l(qnan.o)
    0x0800f480   0x0800f480   0x00000026   Data   RO         1287    .constdata          c_w.l(_printf_fp_hex.o)
    0x0800f4a6   0x0800f4a6   0x00000002   PAD
    0x0800f4a8   0x0800f4a8   0x00000094   Data   RO         1298    .constdata          c_w.l(bigflt0.o)
    0x0800f53c   0x0800f53c   0x00000123   Data   RO          683    .conststring        onenet.o
    0x0800f65f   0x0800f65f   0x00000001   PAD
    0x0800f660   0x0800f660   0x00000020   Data   RO         1434    Region$$Table       anon$$obj.o
    0x0800f680   0x0800f680   0x00000110   Data   RO         1324    locale$$data        c_w.l(lc_ctype_c.o)
    0x0800f790   0x0800f790   0x0000001c   Data   RO         1327    locale$$data        c_w.l(lc_numeric_c.o)


    Execution Region RW_IRAM1 (Exec base: 0x20000000, Load base: 0x0800f7ac, Size: 0x000019d8, Max: 0x00005000, ABSOLUTE)

    Exec Addr    Load Addr    Size         Type   Attr      Idx    E Section Name        Object

    0x20000000   0x0800f7ac   0x00000014   Data   RW          120    .data               system_stm32f10x.o
    0x20000014   0x0800f7c0   0x00000014   Data   RW          195    .data               stm32f10x_rcc.o
    0x20000028   0x0800f7d4   0x00000004   Data   RW          245    .data               delay.o
    0x2000002c   0x0800f7d8   0x00000038   Data   RW          341    .data               time.o
    0x20000064   0x0800f810   0x00000001   Data   RW          508    .data               key.o
    0x20000065   0x0800f811   0x00000003   PAD
    0x20000068   0x0800f814   0x00000008   Data   RW          525    .data               menu.o
    0x20000070   0x0800f81c   0x00000004   Data   RW          545    .data               im1281b.o
    0x20000074   0x0800f820   0x0000000c   Data   RW          580    .data               cjson.o
    0x20000080   0x0800f82c   0x00000004   Data   RW          649    .data               buzzer.o
    0x20000084   0x0800f830   0x00000004   Data   RW          667    .data               main.o
    0x20000088   0x0800f834   0x00000006   Data   RW          684    .data               onenet.o
    0x2000008e   0x0800f83a   0x00000004   Data   RW          790    .data               esp8266.o
    0x20000092   0x0800f83e   0x00000002   PAD
    0x20000094        -       0x00000400   Zero   RW          303    .bss                oled.o
    0x20000494        -       0x000000a0   Zero   RW          544    .bss                im1281b.o
    0x20000534        -       0x00000040   Zero   RW          682    .bss                onenet.o
    0x20000574        -       0x00000200   Zero   RW          789    .bss                esp8266.o
    0x20000774        -       0x00000060   Zero   RW         1247    .bss                c_w.l(libspace.o)
    0x200007d4   0x0800f83e   0x00000004   PAD
    0x200007d8        -       0x00000200   Zero   RW          138    HEAP                startup_stm32f10x_md.o
    0x200009d8        -       0x00001000   Zero   RW          137    STACK               startup_stm32f10x_md.o


==============================================================================

Image component sizes


      Code (inc. data)   RO Data    RW Data    ZI Data      Debug   Object Name

       688          8        192          0          0       2690   base64.o
       140         18          0          4          0        979   buzzer.o
      6784        208          7         12          0      24384   cjson.o
         0          0          0          0          0       4596   core_cm3.o
       244         10          0          4          0       1480   delay.o
       744        208          0          4        512       2999   esp8266.o
      1158         28          0          0          0       3216   hmac_sha1.o
       248         14          0          4        160       2239   im1281b.o
       252         10          0          1          0        804   key.o
        92          4          0          0          0        609   led.o
       364        108          0          4          0        976   main.o
      3680        466          0          8          0       4322   menu.o
       220         22          0          0          0     205133   misc.o
      3592         74          0          0          0      15335   mqttkit.o
      5520        178          0          0       1024      16269   oled.o
         0          0       3850          0          0       1178   oled_data.o
      3584       1314        291          6         64       8620   onenet.o
       176          8          0          0          0        611   rc522_config.o
      2796        130          0          0          0       8069   rc522_function.o
        52          4          0          0          0        498   relays.o
        64         26        236          0       4608        820   startup_stm32f10x_md.o
       860         38          0          0          0       5685   stm32f10x_gpio.o
       308        248          0          0          0      44843   stm32f10x_it.o
       932         36          0         20          0       8860   stm32f10x_rcc.o
      3610         88          0          0          0      22792   stm32f10x_tim.o
      1032         22          0          0          0       8408   stm32f10x_usart.o
       480         38          0         20          0       1787   system_stm32f10x.o
       916        300          0         56          0     235850   time.o
       692         22          0          0          0       5347   usart.o

    ----------------------------------------------------------------------
     39232       3630       4609        148       6368     639399   Object Totals
         0          0         32          0          0          0   (incl. Generated)
         4          0          1          5          0          0   (incl. Padding)

    ----------------------------------------------------------------------

      Code (inc. data)   RO Data    RW Data    ZI Data      Debug   Library Member Name

        60          8          0          0          0         84   __0sscanf.o
        56          6          0          0          0         88   __2snprintf.o
        44          6          0          0          0         84   __2sprintf.o
         8          0          0          0          0         68   __main.o
       392          4         17          0          0         92   __printf_flags_ss_wp.o
        14          0          0          0          0         68   __printf_wp.o
         0          0          0          0          0          0   __rtentry.o
        12          0          0          0          0          0   __rtentry2.o
         6          0          0          0          0          0   __rtentry4.o
        52          8          0          0          0          0   __scatter.o
        26          0          0          0          0          0   __scatter_copy.o
        28          0          0          0          0          0   __scatter_zi.o
        28          0          0          0          0         68   _chval.o
         6          0          0          0          0          0   _printf_a.o
         6          0          0          0          0          0   _printf_c.o
        44          0          0          0          0        108   _printf_char.o
        48          6          0          0          0         96   _printf_char_common.o
        40          0          0          0          0         68   _printf_charcount.o
         6          0          0          0          0          0   _printf_d.o
       120         16          0          0          0         92   _printf_dec.o
         6          0          0          0          0          0   _printf_e.o
         6          0          0          0          0          0   _printf_f.o
      1054          0          0          0          0        216   _printf_fp_dec.o
       764          8         38          0          0        100   _printf_fp_hex.o
       128         16          0          0          0         84   _printf_fp_infnan.o
         6          0          0          0          0          0   _printf_g.o
       148          4         40          0          0        160   _printf_hex_int_ll_ptr.o
         6          0          0          0          0          0   _printf_i.o
       178          0          0          0          0         88   _printf_intcommon.o
        10          0          0          0          0          0   _printf_l.o
         6          0          0          0          0          0   _printf_lc.o
        10          0          0          0          0          0   _printf_ll.o
         6          0          0          0          0          0   _printf_lld.o
         6          0          0          0          0          0   _printf_lli.o
         6          0          0          0          0          0   _printf_llo.o
         6          0          0          0          0          0   _printf_llu.o
         6          0          0          0          0          0   _printf_llx.o
       124         16          0          0          0         92   _printf_longlong_dec.o
         6          0          0          0          0          0   _printf_ls.o
         6          0          0          0          0          0   _printf_n.o
         6          0          0          0          0          0   _printf_o.o
       112         10          0          0          0        124   _printf_oct_int_ll.o
         6          0          0          0          0          0   _printf_p.o
        78          0          0          0          0        108   _printf_pad.o
         0          0          0          0          0          0   _printf_percent.o
         4          0          0          0          0          0   _printf_percent_end.o
         6          0          0          0          0          0   _printf_s.o
        82          0          0          0          0         80   _printf_str.o
        36          0          0          0          0         84   _printf_truncate.o
         6          0          0          0          0          0   _printf_u.o
        44          0          0          0          0        108   _printf_wchar.o
       188          6          8          0          0         92   _printf_wctomb.o
         6          0          0          0          0          0   _printf_x.o
        22          0          0          0          0        100   _rserrno.o
       884          6          0          0          0        100   _scanf.o
       332          0          0          0          0         96   _scanf_int.o
       224          0          0          0          0         96   _scanf_str.o
        64          0          0          0          0         84   _sgetc.o
        16          0          0          0          0         68   _snputc.o
        10          0          0          0          0         68   _sputc.o
        64          0          0          0          0         92   _wcrtomb.o
       228          4        148          0          0         96   bigflt0.o
      1936        128          0          0          0        672   btod.o
        10          0          0          0          0         68   defsig_exit.o
        50          0          0          0          0         88   defsig_general.o
        80         58          0          0          0         76   defsig_rtmem_inner.o
        14          0          0          0          0         80   defsig_rtmem_outer.o
        18          0          0          0          0         80   exit.o
        94          0          0          0          0         80   h1_alloc.o
        52          0          0          0          0         68   h1_extend.o
        78          0          0          0          0         80   h1_free.o
        14          0          0          0          0         84   h1_init.o
         6          0          0          0          0        152   heapauxi.o
         4          0          0          0          0        136   hguard.o
         0          0          0          0          0          0   indicate_semi.o
       138          0          0          0          0        168   init_alloc.o
        18          0          0          0          0         76   isspace.o
        44         10        272          0          0         76   lc_ctype_c.o
        44         10         28          0          0         76   lc_numeric_c.o
         2          0          0          0          0          0   libinit.o
        38          0          0          0          0          0   libinit2.o
         2          0          0          0          0          0   libshutdown.o
         2          0          0          0          0          0   libshutdown2.o
         8          4          0          0         96         68   libspace.o
       138          0          0          0          0         80   lludiv10.o
         0          0          0          0          0          0   maybetermalloc1.o
        16          4          0          0          0         76   rt_ctype_table.o
         8          4          0          0          0         68   rt_errno_addr_intlibspace.o
         8          4          0          0          0         68   rt_heap_descriptor_intlibspace.o
         8          4          0          0          0         68   rt_locale_intlibspace.o
        68          0          0          0          0         68   rt_memclr.o
        78          0          0          0          0         80   rt_memclr_w.o
       138          0          0          0          0         68   rt_memcpy_v6.o
       100          0          0          0          0         80   rt_memcpy_w.o
         2          0          0          0          0          0   rtexit.o
        10          0          0          0          0          0   rtexit2.o
        44          8          0          0          0         84   scanf_char.o
        24          0          0          0          0         68   strcat.o
        20          0          0          0          0         68   strchr.o
       128          0          0          0          0         68   strcmpv7m.o
        72          0          0          0          0         80   strcpy.o
        62          0          0          0          0         76   strlen.o
        36          0          0          0          0         76   strncat.o
       150          0          0          0          0         80   strncmp.o
        36          0          0          0          0         80   strstr.o
        12          4          0          0          0         68   sys_exit.o
        74          0          0          0          0         80   sys_stackheap_outer.o
        14          0          0          0          0         76   sys_wrch.o
        26          0          0          0          0         76   tolower.o
         2          0          0          0          0         68   use_no_semi.o
        52          4          0          0          0         80   vsnprintf.o
        36          4          0          0          0         76   vsprintf.o
        98          4          0          0          0         92   d2f.o
       826         16          0          0          0        348   daddsub_clz.o
        16          4          0          0          0         68   dcheck1.o
        24          0          0          0          0         68   dcmpi.o
       688        140          0          0          0        208   ddiv.o
       120          4          0          0          0         92   deqf.o
        94          4          0          0          0         92   dfix.o
        90          4          0          0          0         92   dfixu.o
        84          0          0          0          0        136   dflt_clz.o
       120          4          0          0          0         92   dleqf.o
       340         12          0          0          0        104   dmul.o
       156          4          0          0          0         92   dnaninf.o
        12          0          0          0          0         68   dretinf.o
       108          0          0          0          0         80   drleqf.o
       460         56          0          0          0        120   dsqrt_noumaal.o
        86          4          0          0          0         84   f2d.o
       430          8          0          0          0        168   faddsub_clz.o
        24          0          0          0          0         68   fcmpi.o
        62          4          0          0          0         84   ffixu.o
        48          0          0          0          0         68   fflt_clz.o
       104          4          0          0          0         84   fleqf.o
       258          4          0          0          0         84   fmul.o
       140          4          0          0          0         84   fnaninf.o
        10          0          0          0          0         68   fretinf.o
        98          0          0          0          0         68   frleqf.o
         4          0          0          0          0         68   printf1.o
         4          0          0          0          0         68   printf2.o
       100          0          0          0          0         68   retnan.o
        92          0          0          0          0         68   scalbn.o
        48          0          0          0          0         68   trapv.o
         0          0          0          0          0          0   usenofp.o
       544         70        152          0          0        124   atan.o
       384         38          0          0          0        144   atan2.o
        68         10          0          0          0        408   dunder.o
       220         16          0          0          0         84   floor.o
        40          0          0          0          0         68   fpclassify.o
       170          0          0          0          0         96   poly.o
      2520        190        136          0          0        324   pow.o
         0          0          8          0          0          0   qnan.o
        76          0          0          0          0         84   sqrt.o

    ----------------------------------------------------------------------
     18714        974        849          0        100      11324   Library Totals
        32          0          2          0          4          0   (incl. Padding)

    ----------------------------------------------------------------------

      Code (inc. data)   RO Data    RW Data    ZI Data      Debug   Library Name

      9916        370        551          0         96       7040   c_w.l
      4744        280          0          0          0       2952   fz_ws.l
      4022        324        296          0          0       1332   m_ws.l

    ----------------------------------------------------------------------
     18714        974        849          0        100      11324   Library Totals

    ----------------------------------------------------------------------

==============================================================================


      Code (inc. data)   RO Data    RW Data    ZI Data      Debug   

     57946       4604       5458        148       6468     642139   Grand Totals
     57946       4604       5458        148       6468     642139   ELF Image Totals
     57946       4604       5458        148          0          0   ROM Totals

==============================================================================

    Total RO  Size (Code + RO Data)                63404 (  61.92kB)
    Total RW  Size (RW Data + ZI Data)              6616 (   6.46kB)
    Total ROM Size (Code + RO Data + RW Data)      63552 (  62.06kB)

==============================================================================

